Archive member included because of file (symbol)

c:/altera/13.1/nios2eds/bin/gnu/h-i686-mingw32/bin/../lib/gcc/nios2-elf/4.7.3\libgcc.a(_div_sf.o)
                              obj/default/main.o (__divsf3)
c:/altera/13.1/nios2eds/bin/gnu/h-i686-mingw32/bin/../lib/gcc/nios2-elf/4.7.3\libgcc.a(_gt_sf.o)
                              obj/default/main.o (__gtsf2)
c:/altera/13.1/nios2eds/bin/gnu/h-i686-mingw32/bin/../lib/gcc/nios2-elf/4.7.3\libgcc.a(_sf_to_df.o)
                              obj/default/main.o (__extendsfdf2)
c:/altera/13.1/nios2eds/bin/gnu/h-i686-mingw32/bin/../lib/gcc/nios2-elf/4.7.3\libgcc.a(_thenan_sf.o)
                              c:/altera/13.1/nios2eds/bin/gnu/h-i686-mingw32/bin/../lib/gcc/nios2-elf/4.7.3\libgcc.a(_div_sf.o) (__thenan_sf)
c:/altera/13.1/nios2eds/bin/gnu/h-i686-mingw32/bin/../lib/gcc/nios2-elf/4.7.3\libgcc.a(_usi_to_sf.o)
                              obj/default/main.o (__floatunsisf)
c:/altera/13.1/nios2eds/bin/gnu/h-i686-mingw32/bin/../lib/gcc/nios2-elf/4.7.3\libgcc.a(_addsub_df.o)
                              obj/default/main.o (__subdf3)
c:/altera/13.1/nios2eds/bin/gnu/h-i686-mingw32/bin/../lib/gcc/nios2-elf/4.7.3\libgcc.a(_div_df.o)
                              obj/default/main.o (__divdf3)
c:/altera/13.1/nios2eds/bin/gnu/h-i686-mingw32/bin/../lib/gcc/nios2-elf/4.7.3\libgcc.a(_make_df.o)
                              c:/altera/13.1/nios2eds/bin/gnu/h-i686-mingw32/bin/../lib/gcc/nios2-elf/4.7.3\libgcc.a(_sf_to_df.o) (__make_dp)
c:/altera/13.1/nios2eds/bin/gnu/h-i686-mingw32/bin/../lib/gcc/nios2-elf/4.7.3\libgcc.a(_df_to_sf.o)
                              obj/default/main.o (__truncdfsf2)
c:/altera/13.1/nios2eds/bin/gnu/h-i686-mingw32/bin/../lib/gcc/nios2-elf/4.7.3\libgcc.a(_thenan_df.o)
                              c:/altera/13.1/nios2eds/bin/gnu/h-i686-mingw32/bin/../lib/gcc/nios2-elf/4.7.3\libgcc.a(_addsub_df.o) (__thenan_df)
c:/altera/13.1/nios2eds/bin/gnu/h-i686-mingw32/bin/../lib/gcc/nios2-elf/4.7.3\libgcc.a(lib2-divmod.o)
                              obj/default/main.o (__udivsi3)
c:/altera/13.1/nios2eds/bin/gnu/h-i686-mingw32/bin/../lib/gcc/nios2-elf/4.7.3\libgcc.a(_clzsi2.o)
                              c:/altera/13.1/nios2eds/bin/gnu/h-i686-mingw32/bin/../lib/gcc/nios2-elf/4.7.3\libgcc.a(_usi_to_sf.o) (__clzsi2)
c:/altera/13.1/nios2eds/bin/gnu/h-i686-mingw32/bin/../lib/gcc/nios2-elf/4.7.3\libgcc.a(_pack_sf.o)
                              c:/altera/13.1/nios2eds/bin/gnu/h-i686-mingw32/bin/../lib/gcc/nios2-elf/4.7.3\libgcc.a(_div_sf.o) (__pack_f)
c:/altera/13.1/nios2eds/bin/gnu/h-i686-mingw32/bin/../lib/gcc/nios2-elf/4.7.3\libgcc.a(_unpack_sf.o)
                              c:/altera/13.1/nios2eds/bin/gnu/h-i686-mingw32/bin/../lib/gcc/nios2-elf/4.7.3\libgcc.a(_div_sf.o) (__unpack_f)
c:/altera/13.1/nios2eds/bin/gnu/h-i686-mingw32/bin/../lib/gcc/nios2-elf/4.7.3\libgcc.a(_fpcmp_parts_sf.o)
                              c:/altera/13.1/nios2eds/bin/gnu/h-i686-mingw32/bin/../lib/gcc/nios2-elf/4.7.3\libgcc.a(_gt_sf.o) (__fpcmp_parts_f)
c:/altera/13.1/nios2eds/bin/gnu/h-i686-mingw32/bin/../lib/gcc/nios2-elf/4.7.3\libgcc.a(_make_sf.o)
                              c:/altera/13.1/nios2eds/bin/gnu/h-i686-mingw32/bin/../lib/gcc/nios2-elf/4.7.3\libgcc.a(_df_to_sf.o) (__make_fp)
c:/altera/13.1/nios2eds/bin/gnu/h-i686-mingw32/bin/../lib/gcc/nios2-elf/4.7.3\libgcc.a(_pack_df.o)
                              c:/altera/13.1/nios2eds/bin/gnu/h-i686-mingw32/bin/../lib/gcc/nios2-elf/4.7.3\libgcc.a(_addsub_df.o) (__pack_d)
c:/altera/13.1/nios2eds/bin/gnu/h-i686-mingw32/bin/../lib/gcc/nios2-elf/4.7.3\libgcc.a(_unpack_df.o)
                              c:/altera/13.1/nios2eds/bin/gnu/h-i686-mingw32/bin/../lib/gcc/nios2-elf/4.7.3\libgcc.a(_addsub_df.o) (__unpack_d)
c:/altera/13.1/nios2eds/bin/gnu/h-i686-mingw32/bin/../lib/gcc/nios2-elf/4.7.3\libgcc.a(_lshrdi3.o)
                              c:/altera/13.1/nios2eds/bin/gnu/h-i686-mingw32/bin/../lib/gcc/nios2-elf/4.7.3\libgcc.a(_pack_df.o) (__lshrdi3)
c:/altera/13.1/nios2eds/bin/gnu/h-i686-mingw32/bin/../lib/gcc/nios2-elf/4.7.3\libgcc.a(_ashldi3.o)
                              c:/altera/13.1/nios2eds/bin/gnu/h-i686-mingw32/bin/../lib/gcc/nios2-elf/4.7.3\libgcc.a(_pack_df.o) (__ashldi3)
c:/altera/13.1/nios2eds/bin/gnu/h-i686-mingw32/bin/../lib/gcc/nios2-elf/4.7.3\libgcc.a(_clz.o)
                              c:/altera/13.1/nios2eds/bin/gnu/h-i686-mingw32/bin/../lib/gcc/nios2-elf/4.7.3\libgcc.a(_clzsi2.o) (__clz_tab)
c:/altera/13.1/nios2eds/bin/gnu/h-i686-mingw32/bin/../lib/gcc/nios2-elf/4.7.3/../../../../../H-i686-mingw32/nios2-elf/lib\libc.a(lib_a-printf.o)
                              obj/default/debug.o (printf)
c:/altera/13.1/nios2eds/bin/gnu/h-i686-mingw32/bin/../lib/gcc/nios2-elf/4.7.3/../../../../../H-i686-mingw32/nios2-elf/lib\libc.a(lib_a-puts.o)
                              obj/default/main.o (puts)
[...]
Memory Configuration

Name             Origin             Length             Attributes
DDR3             0x00000000         0x10000000
reset            0x11040000         0x00000020
onchip_memory2_1 0x11040020         0x00031fe0
*default*        0x00000000         0xffffffff

Linker script and memory map

LOAD ../my_software_4_bsp//obj/HAL/src/crt0.o
LOAD obj/default/AUDIO.o
LOAD obj/default/I2C.o
LOAD obj/default/LED.o
LOAD obj/default/debug.o
LOAD obj/default/main.o
LOAD c:/altera/13.1/nios2eds/bin/gnu/h-i686-mingw32/bin/../lib/gcc/nios2-elf/4.7.3/../../../../../H-i686-mingw32/nios2-elf/lib\libstdc++.a
LOAD c:/altera/13.1/nios2eds/bin/gnu/h-i686-mingw32/bin/../lib/gcc/nios2-elf/4.7.3/../../../../../H-i686-mingw32/nios2-elf/lib\libm.a
LOAD c:/altera/13.1/nios2eds/bin/gnu/h-i686-mingw32/bin/../lib/gcc/nios2-elf/4.7.3\libgcc.a
START GROUP
LOAD c:/altera/13.1/nios2eds/bin/gnu/h-i686-mingw32/bin/../lib/gcc/nios2-elf/4.7.3/../../../../../H-i686-mingw32/nios2-elf/lib\libc.a
LOAD c:/altera/13.1/nios2eds/bin/gnu/h-i686-mingw32/bin/../lib/gcc/nios2-elf/4.7.3\libgcc.a
LOAD ../my_software_4_bsp/\libhal_bsp.a
END GROUP
LOAD c:/altera/13.1/nios2eds/bin/gnu/h-i686-mingw32/bin/../lib/gcc/nios2-elf/4.7.3\libgcc.a
                0x00000000                __alt_mem_DDR3 = 0x0
                0x11040000                __alt_mem_onchip_memory2_1 = 0x11040000

.entry          0x11040000       0x20
 *(.entry)
 .entry         0x11040000       0x20 ../my_software_4_bsp//obj/HAL/src/crt0.o
                0x11040000                __reset

.exceptions     0x11040020      0x198
                0x11040020                PROVIDE (__ram_exceptions_start, ABSOLUTE (.))
                0x11040020                . = ALIGN (0x20)
 *(.irq)
 *(.exceptions.entry.label)
 .exceptions.entry.label
                0x11040020        0x0 ../my_software_4_bsp/\libhal_bsp.a(alt_irq_entry.o)
                0x11040020                alt_irq_entry
 .exceptions.entry.label
                0x11040020        0x0 ../my_software_4_bsp/\libhal_bsp.a(alt_exception_entry.o)
                0x11040020                alt_exception
 *(.exceptions.entry.user)
 *(.exceptions.entry.ecc_fatal)
 *(.exceptions.entry)
 .exceptions.entry
                0x11040020       0x54 ../my_software_4_bsp/\libhal_bsp.a(alt_exception_entry.o)
 *(.exceptions.irqtest.user)
 *(.exceptions.irqtest)
 .exceptions.irqtest
                0x11040074       0x10 ../my_software_4_bsp/\libhal_bsp.a(alt_irq_entry.o)
 *(.exceptions.irqhandler.user)
 *(.exceptions.irqhandler)
 .exceptions.irqhandler
                0x11040084        0x4 ../my_software_4_bsp/\libhal_bsp.a(alt_irq_entry.o)
 *(.exceptions.irqreturn.user)
 *(.exceptions.irqreturn)
 .exceptions.irqreturn
                0x11040088        0x4 ../my_software_4_bsp/\libhal_bsp.a(alt_irq_entry.o)
 *(.exceptions.notirq.label)
 .exceptions.notirq.label
                0x1104008c        0x0 ../my_software_4_bsp/\libhal_bsp.a(alt_irq_entry.o)
 *(.exceptions.notirq.user)
 *(.exceptions.notirq)
 .exceptions.notirq
                0x1104008c        0x8 ../my_software_4_bsp/\libhal_bsp.a(alt_exception_entry.o)
 *(.exceptions.soft.user)
 *(.exceptions.soft)
 *(.exceptions.unknown.user)
 *(.exceptions.unknown)
 .exceptions.unknown
                0x11040094        0x4 ../my_software_4_bsp/\libhal_bsp.a(alt_exception_entry.o)
 *(.exceptions.exit.label)
 .exceptions.exit.label
                0x11040098        0x0 ../my_software_4_bsp/\libhal_bsp.a(alt_irq_entry.o)
 .exceptions.exit.label
                0x11040098        0x0 ../my_software_4_bsp/\libhal_bsp.a(alt_exception_entry.o)
 *(.exceptions.exit.user)
 *(.exceptions.exit)
 .exceptions.exit
                0x11040098       0x54 ../my_software_4_bsp/\libhal_bsp.a(alt_exception_entry.o)
 *(.exceptions)
 .exceptions    0x110400ec       0xcc ../my_software_4_bsp/\libhal_bsp.a(alt_irq_handler.o)
                0x110400ec                alt_irq_handler
                0x110401b8                PROVIDE (__ram_exceptions_end, ABSOLUTE (.))
                0x11040020                PROVIDE (__flash_exceptions_start, LOADADDR (.exceptions))

.text           0x110401b8     0xeda0
                0x110401b8                PROVIDE (stext, ABSOLUTE (.))
 *(.interp)
 *(.hash)
 *(.dynsym)
 *(.dynstr)
 *(.gnu.version)
 *(.gnu.version_d)
 *(.gnu.version_r)
 *(.rel.init)
 *(.rela.init)
 *(.rel.text .rel.text.* .rel.gnu.linkonce.t.*)
 *(.rela.text .rela.text.* .rela.gnu.linkonce.t.*)
 *(.rel.fini)
 *(.rela.fini)
 *(.rel.rodata .rel.rodata.* .rel.gnu.linkonce.r.*)
 *(.rela.rodata .rela.rodata.* .rela.gnu.linkonce.r.*)
 *(.rel.data .rel.data.* .rel.gnu.linkonce.d.*)
 *(.rela.data .rela.data.* .rela.gnu.linkonce.d.*)
 *(.rel.tdata .rel.tdata.* .rel.gnu.linkonce.td.*)
 *(.rela.tdata .rela.tdata.* .rela.gnu.linkonce.td.*)
 *(.rel.tbss .rel.tbss.* .rel.gnu.linkonce.tb.*)
 *(.rela.tbss .rela.tbss.* .rela.gnu.linkonce.tb.*)
 *(.rel.ctors)
 *(.rela.ctors)
 *(.rel.dtors)
 *(.rela.dtors)
 *(.rel.got)
 *(.rela.got)
 *(.rel.sdata .rel.sdata.* .rel.gnu.linkonce.s.*)
 *(.rela.sdata .rela.sdata.* .rela.gnu.linkonce.s.*)
 *(.rel.sbss .rel.sbss.* .rel.gnu.linkonce.sb.*)
 *(.rela.sbss .rela.sbss.* .rela.gnu.linkonce.sb.*)
 *(.rel.sdata2 .rel.sdata2.* .rel.gnu.linkonce.s2.*)
 *(.rela.sdata2 .rela.sdata2.* .rela.gnu.linkonce.s2.*)
 *(.rel.sbss2 .rel.sbss2.* .rel.gnu.linkonce.sb2.*)
 *(.rela.sbss2 .rela.sbss2.* .rela.gnu.linkonce.sb2.*)
 *(.rel.bss .rel.bss.* .rel.gnu.linkonce.b.*)
 *(.rela.bss .rela.bss.* .rela.gnu.linkonce.b.*)
 *(.rel.plt)
 *(.rela.plt)
 *(.rel.dyn)
 *(.init)
 *(.plt)
 *(.text .stub .text.* .gnu.linkonce.t.*)
 .text          0x110401b8       0x4c ../my_software_4_bsp//obj/HAL/src/crt0.o
                0x110401b8                _start
 .text          0x11040204      0xeb8 obj/default/AUDIO.o
                0x11040204                AUDIO_Init
                0x110403d4                AUDIO_REG_READ
                0x11040554                AUDIO_InterfaceActive
                0x1104059c                AUDIO_MicBoost
                0x11040614                AUDIO_AdcEnableHighPassFilter
                0x1104068c                AUDIO_DacDeemphasisControl
                0x1104073c                AUDIO_DacEnableSoftMute
                0x110407c8                AUDIO_MicMute
                0x11040854                AUDIO_LineInMute
                0x11040934                AUDIO_SetInputSource
                0x110409c4                AUDIO_SetSampleRate
                0x11040aac                AUDIO_SetLineInVol
                0x11040bbc                AUDIO_SetLineOutVol
                0x11040ccc                AUDIO_EnableByPass
                0x11040d58                AUDIO_EnableSiteTone
                0x11040de4                aduio_RegWrite
                0x11040ed4                aduio_RegRead
                0x11040f78                AUDIO_DacFifoNotFull
                0x11040fb4                AUDIO_DacFifoSetData
                0x11041000                AUDIO_AdcFifoNotEmpty
                0x1104103c                AUDIO_AdcFifoGetData
                0x11041090                AUDIO_FifoClear
 .text          0x110410bc      0x76c obj/default/I2C.o
                0x110410bc                I2C_Write
                0x110411b8                I2C_Read
                0x1104133c                I2C_MultipleRead
                0x110414b8                i2c_start
                0x1104153c                i2c_stop
                0x110415ac                i2c_write
                0x110416d8                i2c_read
 .text          0x11041828      0x108 obj/default/LED.o
                0x11041828                LED_Display
                0x11041864                LED_AllOn
                0x11041890                LED_AllOff
                0x110418bc                LED_LightCount
 .text          0x11041930      0x1b0 obj/default/debug.o
                0x11041930                debug_output
                0x11041960                myprintf
                0x110419cc                myprintf_hex_array
                0x11041a54                myprintf_dword_array
 .text          0x11041ae0      0xca8 obj/default/main.o
                0x11041ae0                ui_is_mic_record
                0x11041b1c                ui_get_sample_rate
                0x11041bc4                Red_Temp
                0x11041d28                TIMER_Init
                0x11041e20                button_monitor_isr
                0x11041e80                button_monitor_start
                0x11041f04                init_audio
                0x11042068                display_time_elapsed
                0x110420b0                init
                0x1104210c                dump_record_data
                0x1104221c                show_menu
                0x1104227c                main
 .text          0x11042788      0x13c c:/altera/13.1/nios2eds/bin/gnu/h-i686-mingw32/bin/../lib/gcc/nios2-elf/4.7.3\libgcc.a(_div_sf.o)
                0x11042788                __divsf3
 .text          0x110428c4       0x5c c:/altera/13.1/nios2eds/bin/gnu/h-i686-mingw32/bin/../lib/gcc/nios2-elf/4.7.3\libgcc.a(_gt_sf.o)
                0x110428c4                __gtsf2
 .text          0x11042920       0x44 c:/altera/13.1/nios2eds/bin/gnu/h-i686-mingw32/bin/../lib/gcc/nios2-elf/4.7.3\libgcc.a(_sf_to_df.o)
                0x11042920                __extendsfdf2
 .text          0x11042964        0x0 c:/altera/13.1/nios2eds/bin/gnu/h-i686-mingw32/bin/../lib/gcc/nios2-elf/4.7.3\libgcc.a(_thenan_sf.o)
 .text          0x11042964       0xd4 c:/altera/13.1/nios2eds/bin/gnu/h-i686-mingw32/bin/../lib/gcc/nios2-elf/4.7.3\libgcc.a(_usi_to_sf.o)
                0x11042964                __floatunsisf
 .text          0x11042a38      0x408 c:/altera/13.1/nios2eds/bin/gnu/h-i686-mingw32/bin/../lib/gcc/nios2-elf/4.7.3\libgcc.a(_addsub_df.o)
                0x11042d8c                __adddf3
                0x11042de0                __subdf3
 .text          0x11042e40      0x1b4 c:/altera/13.1/nios2eds/bin/gnu/h-i686-mingw32/bin/../lib/gcc/nios2-elf/4.7.3\libgcc.a(_div_df.o)
                0x11042e40                __divdf3
 .text          0x11042ff4       0x38 c:/altera/13.1/nios2eds/bin/gnu/h-i686-mingw32/bin/../lib/gcc/nios2-elf/4.7.3\libgcc.a(_make_df.o)
                0x11042ff4                __make_dp
 .text          0x1104302c       0x60 c:/altera/13.1/nios2eds/bin/gnu/h-i686-mingw32/bin/../lib/gcc/nios2-elf/4.7.3\libgcc.a(_df_to_sf.o)
                0x1104302c                __truncdfsf2
 .text          0x1104308c        0x0 c:/altera/13.1/nios2eds/bin/gnu/h-i686-mingw32/bin/../lib/gcc/nios2-elf/4.7.3\libgcc.a(_thenan_df.o)
 .text          0x1104308c      0x130 c:/altera/13.1/nios2eds/bin/gnu/h-i686-mingw32/bin/../lib/gcc/nios2-elf/4.7.3\libgcc.a(lib2-divmod.o)
                0x11043100                __divsi3
                0x11043150                __modsi3
                0x110431ac                __udivsi3
                0x110431b4                __umodsi3
 .text          0x110431bc       0xac c:/altera/13.1/nios2eds/bin/gnu/h-i686-mingw32/bin/../lib/gcc/nios2-elf/4.7.3\libgcc.a(_clzsi2.o)
                0x110431bc                __clzsi2
 .text          0x11043268      0x12c c:/altera/13.1/nios2eds/bin/gnu/h-i686-mingw32/bin/../lib/gcc/nios2-elf/4.7.3\libgcc.a(_pack_sf.o)
                0x11043268                __pack_f
 .text          0x11043394       0xc8 c:/altera/13.1/nios2eds/bin/gnu/h-i686-mingw32/bin/../lib/gcc/nios2-elf/4.7.3\libgcc.a(_unpack_sf.o)
                0x11043394                __unpack_f
 .text          0x1104345c       0xbc c:/altera/13.1/nios2eds/bin/gnu/h-i686-mingw32/bin/../lib/gcc/nios2-elf/4.7.3\libgcc.a(_fpcmp_parts_sf.o)
                0x1104345c                __fpcmp_parts_f
 .text          0x11043518       0x2c c:/altera/13.1/nios2eds/bin/gnu/h-i686-mingw32/bin/../lib/gcc/nios2-elf/4.7.3\libgcc.a(_make_sf.o)
                0x11043518                __make_fp
 .text          0x11043544      0x224 c:/altera/13.1/nios2eds/bin/gnu/h-i686-mingw32/bin/../lib/gcc/nios2-elf/4.7.3\libgcc.a(_pack_df.o)
                0x11043544                __pack_d
 .text          0x11043768      0x104 c:/altera/13.1/nios2eds/bin/gnu/h-i686-mingw32/bin/../lib/gcc/nios2-elf/4.7.3\libgcc.a(_unpack_df.o)
                0x11043768                __unpack_d
 .text          0x1104386c       0x44 c:/altera/13.1/nios2eds/bin/gnu/h-i686-mingw32/bin/../lib/gcc/nios2-elf/4.7.3\libgcc.a(_lshrdi3.o)
                0x1104386c                __lshrdi3
 .text          0x110438b0       0x44 c:/altera/13.1/nios2eds/bin/gnu/h-i686-mingw32/bin/../lib/gcc/nios2-elf/4.7.3\libgcc.a(_ashldi3.o)
                0x110438b0                __ashldi3
 .text          0x110438f4        0x0 c:/altera/13.1/nios2eds/bin/gnu/h-i686-mingw32/bin/../lib/gcc/nios2-elf/4.7.3\libgcc.a(_clz.o)
 .text          0x110438f4       0x68 c:/altera/13.1/nios2eds/bin/gnu/h-i686-mingw32/bin/../lib/gcc/nios2-elf/4.7.3/../../../../../H-i686-mingw32/nios2-elf/lib\libc.a(lib_a-printf.o)
                0x110438f4                _printf_r
                0x11043920                printf
 .text          0x1104395c       0x98 c:/altera/13.1/nios2eds/bin/gnu/h-i686-mingw32/bin/../lib/gcc/nios2-elf/4.7.3/../../../../../H-i686-mingw32/nios2-elf/lib\libc.a(lib_a-puts.o)
                0x1104395c                _puts_r
                0x110439e0                puts
 .text          0x110439f4       0xc4 c:/altera/13.1/nios2eds/bin/gnu/h-i686-mingw32/bin/../lib/gcc/nios2-elf/4.7.3/../../../../../H-i686-mingw32/nios2-elf/lib\libc.a(lib_a-sprintf.o)
                0x110439f4                _sprintf_r
                0x11043a4c                sprintf
 .text          0x11043ab8       0x8c c:/altera/13.1/nios2eds/bin/gnu/h-i686-mingw32/bin/../lib/gcc/nios2-elf/4.7.3/../../../../../H-i686-mingw32/nios2-elf/lib\libc.a(lib_a-strlen.o)
                0x11043ab8                strlen
 .text          0x11043b44     0x1e50 c:/altera/13.1/nios2eds/bin/gnu/h-i686-mingw32/bin/../lib/gcc/nios2-elf/4.7.3/../../../../../H-i686-mingw32/nios2-elf/lib\libc.a(lib_a-vfprintf.o)
                0x11043b78                ___vfprintf_internal_r
                0x11045970                __vfprintf_internal
 .text          0x11045994       0xec c:/altera/13.1/nios2eds/bin/gnu/h-i686-mingw32/bin/../lib/gcc/nios2-elf/4.7.3/../../../../../H-i686-mingw32/nios2-elf/lib\libc.a(lib_a-vsnprintf.o)
                0x11045994                _vsnprintf_r
                0x11045a40                vsnprintf
 .text          0x11045a80      0x174 c:/altera/13.1/nios2eds/bin/gnu/h-i686-mingw32/bin/../lib/gcc/nios2-elf/4.7.3/../../../../../H-i686-mingw32/nios2-elf/lib\libc.a(lib_a-wsetup.o)
                0x11045a80                __swsetup_r
 .text          0x11045bf4     0x1824 c:/altera/13.1/nios2eds/bin/gnu/h-i686-mingw32/bin/../lib/gcc/nios2-elf/4.7.3/../../../../../H-i686-mingw32/nios2-elf/lib\libc.a(lib_a-dtoa.o)
                0x11045dfc                _dtoa_r
 .text          0x11047418      0x218 c:/altera/13.1/nios2eds/bin/gnu/h-i686-mingw32/bin/../lib/gcc/nios2-elf/4.7.3/../../../../../H-i686-mingw32/nios2-elf/lib\libc.a(lib_a-fflush.o)
                0x11047418                _fflush_r
                0x11047600                fflush
 .text          0x11047630      0x2d8 c:/altera/13.1/nios2eds/bin/gnu/h-i686-mingw32/bin/../lib/gcc/nios2-elf/4.7.3/../../../../../H-i686-mingw32/nios2-elf/lib\libc.a(lib_a-findfp.o)
                0x11047640                _cleanup_r
                0x1104764c                __sfmoreglue
                0x110476b0                _cleanup
                0x110476c0                __sinit
                0x110477cc                __sfp
                0x110478c8                __sfp_lock_acquire
                0x110478cc                __sfp_lock_release
                0x110478d0                __sinit_lock_acquire
                0x110478d4                __sinit_lock_release
                0x110478d8                __fp_lock_all
                0x110478f0                __fp_unlock_all
 .text          0x11047908      0x40c c:/altera/13.1/nios2eds/bin/gnu/h-i686-mingw32/bin/../lib/gcc/nios2-elf/4.7.3/../../../../../H-i686-mingw32/nios2-elf/lib\libc.a(lib_a-freer.o)
                0x11047908                _malloc_trim_r
                0x11047a44                _free_r
 .text          0x11047d14      0x4e4 c:/altera/13.1/nios2eds/bin/gnu/h-i686-mingw32/bin/../lib/gcc/nios2-elf/4.7.3/../../../../../H-i686-mingw32/nios2-elf/lib\libc.a(lib_a-fvwrite.o)
                0x11047d14                __sfvwrite_r
 .text          0x110481f8      0x160 c:/altera/13.1/nios2eds/bin/gnu/h-i686-mingw32/bin/../lib/gcc/nios2-elf/4.7.3/../../../../../H-i686-mingw32/nios2-elf/lib\libc.a(lib_a-fwalk.o)
                0x110481f8                _fwalk
                0x110482a0                _fwalk_reent
 .text          0x11048358        0x0 c:/altera/13.1/nios2eds/bin/gnu/h-i686-mingw32/bin/../lib/gcc/nios2-elf/4.7.3/../../../../../H-i686-mingw32/nios2-elf/lib\libc.a(lib_a-impure.o)
 .text          0x11048358       0xdc c:/altera/13.1/nios2eds/bin/gnu/h-i686-mingw32/bin/../lib/gcc/nios2-elf/4.7.3/../../../../../H-i686-mingw32/nios2-elf/lib\libc.a(lib_a-locale.o)
                0x11048358                _setlocale_r
                0x110483f4                __locale_charset
                0x11048400                _localeconv_r
                0x1104840c                setlocale
                0x11048428                localeconv
 .text          0x11048434      0x1a8 c:/altera/13.1/nios2eds/bin/gnu/h-i686-mingw32/bin/../lib/gcc/nios2-elf/4.7.3/../../../../../H-i686-mingw32/nios2-elf/lib\libc.a(lib_a-makebuf.o)
                0x11048434                __smakebuf_r
 .text          0x110485dc      0x784 c:/altera/13.1/nios2eds/bin/gnu/h-i686-mingw32/bin/../lib/gcc/nios2-elf/4.7.3/../../../../../H-i686-mingw32/nios2-elf/lib\libc.a(lib_a-mallocr.o)
                0x110485dc                _malloc_r
 .text          0x11048d60       0xf8 c:/altera/13.1/nios2eds/bin/gnu/h-i686-mingw32/bin/../lib/gcc/nios2-elf/4.7.3/../../../../../H-i686-mingw32/nios2-elf/lib\libc.a(lib_a-memchr.o)
                0x11048d60                memchr
 .text          0x11048e58       0xf8 c:/altera/13.1/nios2eds/bin/gnu/h-i686-mingw32/bin/../lib/gcc/nios2-elf/4.7.3/../../../../../H-i686-mingw32/nios2-elf/lib\libc.a(lib_a-memcpy.o)
                0x11048e58                memcpy
 .text          0x11048f50      0x128 c:/altera/13.1/nios2eds/bin/gnu/h-i686-mingw32/bin/../lib/gcc/nios2-elf/4.7.3/../../../../../H-i686-mingw32/nios2-elf/lib\libc.a(lib_a-memmove.o)
                0x11048f50                memmove
 .text          0x11049078       0xdc c:/altera/13.1/nios2eds/bin/gnu/h-i686-mingw32/bin/../lib/gcc/nios2-elf/4.7.3/../../../../../H-i686-mingw32/nios2-elf/lib\libc.a(lib_a-memset.o)
                0x11049078                memset
 .text          0x11049154      0xfa8 c:/altera/13.1/nios2eds/bin/gnu/h-i686-mingw32/bin/../lib/gcc/nios2-elf/4.7.3/../../../../../H-i686-mingw32/nios2-elf/lib\libc.a(lib_a-mprec.o)
                0x11049154                _Balloc
                0x110491fc                _Bfree
                0x11049224                __multadd
                0x11049338                __s2b
                0x1104943c                __hi0bits
                0x110494a4                __lo0bits
                0x11049554                __i2b
                0x11049590                __multiply
                0x11049770                __pow5mult
                0x1104989c                __lshift
                0x110499f8                __mcmp
                0x11049a50                __mdiff
                0x11049bf8                __ulp
                0x11049c58                __b2d
                0x11049da0                __d2b
                0x11049ee4                __ratio
                0x11049f88                _mprec_log10
                0x11049ffc                __copybits
                0x1104a078                __any_on
 .text          0x1104a0fc      0x5fc c:/altera/13.1/nios2eds/bin/gnu/h-i686-mingw32/bin/../lib/gcc/nios2-elf/4.7.3/../../../../../H-i686-mingw32/nios2-elf/lib\libc.a(lib_a-reallocr.o)
                0x1104a0fc                _realloc_r
 .text          0x1104a6f8       0x38 c:/altera/13.1/nios2eds/bin/gnu/h-i686-mingw32/bin/../lib/gcc/nios2-elf/4.7.3/../../../../../H-i686-mingw32/nios2-elf/lib\libc.a(lib_a-s_isinfd.o)
                0x1104a6f8                __isinfd
 .text          0x1104a730       0x2c c:/altera/13.1/nios2eds/bin/gnu/h-i686-mingw32/bin/../lib/gcc/nios2-elf/4.7.3/../../../../../H-i686-mingw32/nios2-elf/lib\libc.a(lib_a-s_isnand.o)
                0x1104a730                __isnand
 .text          0x1104a75c       0x64 c:/altera/13.1/nios2eds/bin/gnu/h-i686-mingw32/bin/../lib/gcc/nios2-elf/4.7.3/../../../../../H-i686-mingw32/nios2-elf/lib\libc.a(lib_a-sbrkr.o)
                0x1104a75c                _sbrk_r
 .text          0x1104a7c0      0x140 c:/altera/13.1/nios2eds/bin/gnu/h-i686-mingw32/bin/../lib/gcc/nios2-elf/4.7.3/../../../../../H-i686-mingw32/nios2-elf/lib\libc.a(lib_a-stdio.o)
                0x1104a7c0                __sread
                0x1104a814                __swrite
                0x1104a89c                __sseek
                0x1104a8f8                __sclose
 .text          0x1104a900       0xa4 c:/altera/13.1/nios2eds/bin/gnu/h-i686-mingw32/bin/../lib/gcc/nios2-elf/4.7.3/../../../../../H-i686-mingw32/nios2-elf/lib\libc.a(lib_a-strcmp.o)
                0x1104a900                strcmp
 .text          0x1104a9a4       0x6c c:/altera/13.1/nios2eds/bin/gnu/h-i686-mingw32/bin/../lib/gcc/nios2-elf/4.7.3/../../../../../H-i686-mingw32/nios2-elf/lib\libc.a(lib_a-writer.o)
                0x1104a9a4                _write_r
 .text          0x1104aa10       0xbc c:/altera/13.1/nios2eds/bin/gnu/h-i686-mingw32/bin/../lib/gcc/nios2-elf/4.7.3/../../../../../H-i686-mingw32/nios2-elf/lib\libc.a(lib_a-callocr.o)
                0x1104aa10                _calloc_r
 .text          0x1104aacc       0x64 c:/altera/13.1/nios2eds/bin/gnu/h-i686-mingw32/bin/../lib/gcc/nios2-elf/4.7.3/../../../../../H-i686-mingw32/nios2-elf/lib\libc.a(lib_a-closer.o)
                0x1104aacc                _close_r
 .text          0x1104ab30      0x150 c:/altera/13.1/nios2eds/bin/gnu/h-i686-mingw32/bin/../lib/gcc/nios2-elf/4.7.3/../../../../../H-i686-mingw32/nios2-elf/lib\libc.a(lib_a-fclose.o)
                0x1104ab30                _fclose_r
                0x1104ac6c                fclose
 .text          0x1104ac80       0x68 c:/altera/13.1/nios2eds/bin/gnu/h-i686-mingw32/bin/../lib/gcc/nios2-elf/4.7.3/../../../../../H-i686-mingw32/nios2-elf/lib\libc.a(lib_a-fstatr.o)
                0x1104ac80                _fstat_r
 .text          0x1104ace8        0x0 c:/altera/13.1/nios2eds/bin/gnu/h-i686-mingw32/bin/../lib/gcc/nios2-elf/4.7.3/../../../../../H-i686-mingw32/nios2-elf/lib\libc.a(lib_a-int_errno.o)
 .text          0x1104ace8       0x64 c:/altera/13.1/nios2eds/bin/gnu/h-i686-mingw32/bin/../lib/gcc/nios2-elf/4.7.3/../../../../../H-i686-mingw32/nios2-elf/lib\libc.a(lib_a-isattyr.o)
                0x1104ace8                _isatty_r
 .text          0x1104ad4c       0x6c c:/altera/13.1/nios2eds/bin/gnu/h-i686-mingw32/bin/../lib/gcc/nios2-elf/4.7.3/../../../../../H-i686-mingw32/nios2-elf/lib\libc.a(lib_a-lseekr.o)
                0x1104ad4c                _lseek_r
 .text          0x1104adb8       0x6c c:/altera/13.1/nios2eds/bin/gnu/h-i686-mingw32/bin/../lib/gcc/nios2-elf/4.7.3/../../../../../H-i686-mingw32/nios2-elf/lib\libc.a(lib_a-readr.o)
                0x1104adb8                _read_r
 .text          0x1104ae24      0x5c8 c:/altera/13.1/nios2eds/bin/gnu/h-i686-mingw32/bin/../lib/gcc/nios2-elf/4.7.3\libgcc.a(_udivdi3.o)
                0x1104ae24                __udivdi3
 .text          0x1104b3ec      0x58c c:/altera/13.1/nios2eds/bin/gnu/h-i686-mingw32/bin/../lib/gcc/nios2-elf/4.7.3\libgcc.a(_umoddi3.o)
                0x1104b3ec                __umoddi3
 .text          0x1104b978      0x2e4 c:/altera/13.1/nios2eds/bin/gnu/h-i686-mingw32/bin/../lib/gcc/nios2-elf/4.7.3\libgcc.a(_mul_df.o)
                0x1104b978                __muldf3
 .text          0x1104bc5c       0x5c c:/altera/13.1/nios2eds/bin/gnu/h-i686-mingw32/bin/../lib/gcc/nios2-elf/4.7.3\libgcc.a(_eq_df.o)
                0x1104bc5c                __eqdf2
 .text          0x1104bcb8       0x5c c:/altera/13.1/nios2eds/bin/gnu/h-i686-mingw32/bin/../lib/gcc/nios2-elf/4.7.3\libgcc.a(_ne_df.o)
                0x1104bcb8                __nedf2
 .text          0x1104bd14       0x64 c:/altera/13.1/nios2eds/bin/gnu/h-i686-mingw32/bin/../lib/gcc/nios2-elf/4.7.3\libgcc.a(_gt_df.o)
                0x1104bd14                __gtdf2
 .text          0x1104bd78       0x64 c:/altera/13.1/nios2eds/bin/gnu/h-i686-mingw32/bin/../lib/gcc/nios2-elf/4.7.3\libgcc.a(_ge_df.o)
                0x1104bd78                __gedf2
 .text          0x1104bddc       0x5c c:/altera/13.1/nios2eds/bin/gnu/h-i686-mingw32/bin/../lib/gcc/nios2-elf/4.7.3\libgcc.a(_lt_df.o)
                0x1104bddc                __ltdf2
 .text          0x1104be38       0xd4 c:/altera/13.1/nios2eds/bin/gnu/h-i686-mingw32/bin/../lib/gcc/nios2-elf/4.7.3\libgcc.a(_si_to_df.o)
                0x1104be38                __floatsidf
 .text          0x1104bf0c       0xd4 c:/altera/13.1/nios2eds/bin/gnu/h-i686-mingw32/bin/../lib/gcc/nios2-elf/4.7.3\libgcc.a(_df_to_si.o)
                0x1104bf0c                __fixdfsi
 .text          0x1104bfe0      0x11c c:/altera/13.1/nios2eds/bin/gnu/h-i686-mingw32/bin/../lib/gcc/nios2-elf/4.7.3\libgcc.a(_usi_to_df.o)
                0x1104bfe0                __floatunsidf
 .text          0x1104c0fc       0x60 c:/altera/13.1/nios2eds/bin/gnu/h-i686-mingw32/bin/../lib/gcc/nios2-elf/4.7.3\libgcc.a(_muldi3.o)
                0x1104c0fc                __muldi3
 .text          0x1104c15c       0xd0 c:/altera/13.1/nios2eds/bin/gnu/h-i686-mingw32/bin/../lib/gcc/nios2-elf/4.7.3\libgcc.a(_fpcmp_parts_df.o)
                0x1104c15c                __fpcmp_parts_d
 .text          0x1104c22c      0x118 ../my_software_4_bsp/\libhal_bsp.a(alt_close.o)
                0x1104c27c                close
 .text          0x1104c344       0x2c ../my_software_4_bsp/\libhal_bsp.a(alt_dev.o)
 .text          0x1104c370        0x0 ../my_software_4_bsp/\libhal_bsp.a(alt_errno.o)
 .text          0x1104c370       0xfc ../my_software_4_bsp/\libhal_bsp.a(alt_fstat.o)
                0x1104c3c0                fstat
 .text          0x1104c46c      0x1d8 ../my_software_4_bsp/\libhal_bsp.a(alt_iic.o)
                0x1104c46c                alt_ic_isr_register
                0x1104c4bc                alt_ic_irq_enable
                0x1104c558                alt_ic_irq_disable
                0x1104c5f8                alt_ic_irq_enabled
 .text          0x1104c644       0xf0 ../my_software_4_bsp/\libhal_bsp.a(alt_iic_isr_register.o)
                0x1104c644                alt_iic_isr_register
 .text          0x1104c734        0x0 ../my_software_4_bsp/\libhal_bsp.a(alt_irq_entry.o)
 .text          0x1104c734        0x0 ../my_software_4_bsp/\libhal_bsp.a(alt_irq_handler.o)
 .text          0x1104c734      0x1b0 ../my_software_4_bsp/\libhal_bsp.a(alt_irq_register.o)
                0x1104c734                alt_irq_register
 .text          0x1104c8e4        0x0 ../my_software_4_bsp/\libhal_bsp.a(alt_irq_vars.o)
 .text          0x1104c8e4       0xf0 ../my_software_4_bsp/\libhal_bsp.a(alt_isatty.o)
                0x1104c934                isatty
 .text          0x1104c9d4       0xec ../my_software_4_bsp/\libhal_bsp.a(alt_load.o)
                0x1104ca40                alt_load
 .text          0x1104cac0      0x120 ../my_software_4_bsp/\libhal_bsp.a(alt_lseek.o)
                0x1104cb10                lseek
 .text          0x1104cbe0       0x78 ../my_software_4_bsp/\libhal_bsp.a(alt_main.o)
                0x1104cbe0                alt_main
 .text          0x1104cc58       0x40 ../my_software_4_bsp/\libhal_bsp.a(alt_malloc_lock.o)
                0x1104cc58                __malloc_lock
                0x1104cc78                __malloc_unlock
 .text          0x1104cc98      0x140 ../my_software_4_bsp/\libhal_bsp.a(alt_read.o)
                0x1104cce8                read
 .text          0x1104cdd8       0x60 ../my_software_4_bsp/\libhal_bsp.a(alt_release_fd.o)
                0x1104cdd8                alt_release_fd
 .text          0x1104ce38       0xb0 ../my_software_4_bsp/\libhal_bsp.a(alt_sbrk.o)
                0x1104ce38                sbrk
 .text          0x1104cee8       0x30 ../my_software_4_bsp/\libhal_bsp.a(alt_usleep.o)
                0x1104cee8                usleep
 .text          0x1104cf18      0x13c ../my_software_4_bsp/\libhal_bsp.a(alt_write.o)
                0x1104cf68                write
 .text          0x1104d054       0xd0 ../my_software_4_bsp/\libhal_bsp.a(alt_sys_init.o)
                0x1104d08c                alt_irq_init
                0x1104d0c0                alt_sys_init
 .text          0x1104d124      0x164 ../my_software_4_bsp/\libhal_bsp.a(altera_avalon_jtag_uart_fd.o)
                0x1104d124                altera_avalon_jtag_uart_read_fd
                0x1104d184                altera_avalon_jtag_uart_write_fd
                0x1104d1e4                altera_avalon_jtag_uart_close_fd
                0x1104d234                altera_avalon_jtag_uart_ioctl_fd
 .text          0x1104d288      0x3d0 ../my_software_4_bsp/\libhal_bsp.a(altera_avalon_jtag_uart_init.o)
                0x1104d288                altera_avalon_jtag_uart_init
                0x1104d5f0                altera_avalon_jtag_uart_close
 .text          0x1104d658       0xf4 ../my_software_4_bsp/\libhal_bsp.a(altera_avalon_jtag_uart_ioctl.o)
                0x1104d658                altera_avalon_jtag_uart_ioctl
 .text          0x1104d74c      0x218 ../my_software_4_bsp/\libhal_bsp.a(altera_avalon_jtag_uart_read.o)
                0x1104d74c                altera_avalon_jtag_uart_read
 .text          0x1104d964      0x224 ../my_software_4_bsp/\libhal_bsp.a(altera_avalon_jtag_uart_write.o)
                0x1104d964                altera_avalon_jtag_uart_write
 .text          0x1104db88      0x208 ../my_software_4_bsp/\libhal_bsp.a(altera_avalon_spi.o)
                0x1104db88                alt_avalon_spi_command
 .text          0x1104dd90       0xfc ../my_software_4_bsp/\libhal_bsp.a(altera_avalon_timer_sc.o)
                0x1104de04                alt_avalon_timer_sc_init
 .text          0x1104de8c      0x140 ../my_software_4_bsp/\libhal_bsp.a(alt_alarm_start.o)
                0x1104de8c                alt_alarm_start
 .text          0x1104dfcc      0x154 ../my_software_4_bsp/\libhal_bsp.a(alt_busy_sleep.o)
                0x1104dfcc                alt_busy_sleep
 .text          0x1104e120       0x44 ../my_software_4_bsp/\libhal_bsp.a(alt_dcache_flush_all.o)
                0x1104e120                alt_dcache_flush_all
 .text          0x1104e164       0xf0 ../my_software_4_bsp/\libhal_bsp.a(alt_dev_llist_insert.o)
                0x1104e1b4                alt_dev_llist_insert
 .text          0x1104e254       0x5c ../my_software_4_bsp/\libhal_bsp.a(alt_do_ctors.o)
                0x1104e254                _do_ctors
 .text          0x1104e2b0       0x5c ../my_software_4_bsp/\libhal_bsp.a(alt_do_dtors.o)
                0x1104e2b0                _do_dtors
 .text          0x1104e30c        0x0 ../my_software_4_bsp/\libhal_bsp.a(alt_exception_entry.o)
 .text          0x1104e30c       0x30 ../my_software_4_bsp/\libhal_bsp.a(alt_icache_flush_all.o)
                0x1104e30c                alt_icache_flush_all
 .text          0x1104e33c      0x138 ../my_software_4_bsp/\libhal_bsp.a(alt_io_redirect.o)
                0x1104e3fc                alt_io_redirect
 .text          0x1104e474      0x270 ../my_software_4_bsp/\libhal_bsp.a(alt_open.o)
                0x1104e590                open
 .text          0x1104e6e4      0x19c ../my_software_4_bsp/\libhal_bsp.a(alt_tick.o)
                0x1104e6e4                alt_alarm_stop
                0x1104e77c                alt_tick
 .text          0x1104e880       0x20 ../my_software_4_bsp/\libhal_bsp.a(altera_nios2_qsys_irq.o)
                0x1104e880                altera_nios2_qsys_irq_init
 .text          0x1104e8a0       0x90 ../my_software_4_bsp/\libhal_bsp.a(alt_find_dev.o)
                0x1104e8a0                alt_find_dev
 .text          0x1104e930      0x114 ../my_software_4_bsp/\libhal_bsp.a(alt_find_file.o)
                0x1104e930                alt_find_file
 .text          0x1104ea44       0xb4 ../my_software_4_bsp/\libhal_bsp.a(alt_get_fd.o)
                0x1104ea44                alt_get_fd
 .text          0x1104eaf8       0x8c ../my_software_4_bsp/\libhal_bsp.a(alt_icache_flush.o)
                0x1104eaf8                alt_icache_flush
 .text          0x1104eb84       0x14 c:/altera/13.1/nios2eds/bin/gnu/h-i686-mingw32/bin/../lib/gcc/nios2-elf/4.7.3/../../../../../H-i686-mingw32/nios2-elf/lib\libc.a(lib_a-atexit.o)
                0x1104eb84                atexit
 .text          0x1104eb98       0x38 c:/altera/13.1/nios2eds/bin/gnu/h-i686-mingw32/bin/../lib/gcc/nios2-elf/4.7.3/../../../../../H-i686-mingw32/nios2-elf/lib\libc.a(lib_a-exit.o)
                0x1104eb98                exit
 .text          0x1104ebd0       0x7c c:/altera/13.1/nios2eds/bin/gnu/h-i686-mingw32/bin/../lib/gcc/nios2-elf/4.7.3/../../../../../H-i686-mingw32/nios2-elf/lib\libc.a(lib_a-memcmp.o)
                0x1104ebd0                memcmp
 .text          0x1104ec4c      0x130 c:/altera/13.1/nios2eds/bin/gnu/h-i686-mingw32/bin/../lib/gcc/nios2-elf/4.7.3/../../../../../H-i686-mingw32/nios2-elf/lib\libc.a(lib_a-__atexit.o)
                0x1104ec4c                __register_exitproc
 .text          0x1104ed7c      0x1a0 c:/altera/13.1/nios2eds/bin/gnu/h-i686-mingw32/bin/../lib/gcc/nios2-elf/4.7.3/../../../../../H-i686-mingw32/nios2-elf/lib\libc.a(lib_a-__call_atexit.o)
                0x1104ed7c                __call_exitprocs
 .text          0x1104ef1c       0x3c ../my_software_4_bsp/\libhal_bsp.a(alt_exit.o)
                0x1104ef1c                _exit
 *(.gnu.warning.*)
 *(.fini)
                0x1104ef58                PROVIDE (__etext, ABSOLUTE (.))
                0x1104ef58                PROVIDE (_etext, ABSOLUTE (.))
                0x1104ef58                PROVIDE (etext, ABSOLUTE (.))
 *(.eh_frame_hdr)
                0x1104ef58                . = ALIGN (0x4)
                0x1104ef58                PROVIDE (__preinit_array_start, ABSOLUTE (.))
 *(.preinit_array)
                0x1104ef58                PROVIDE (__preinit_array_end, ABSOLUTE (.))
                0x1104ef58                PROVIDE (__init_array_start, ABSOLUTE (.))
 *(.init_array)
                0x1104ef58                PROVIDE (__init_array_end, ABSOLUTE (.))
                0x1104ef58                PROVIDE (__fini_array_start, ABSOLUTE (.))
 *(.fini_array)
                0x1104ef58                PROVIDE (__fini_array_end, ABSOLUTE (.))
 *(.eh_frame)
 *(.gcc_except_table .gcc_except_table.*)
 *(.dynamic)
                0x1104ef58                PROVIDE (__CTOR_LIST__, ABSOLUTE (.))
 *(.ctors)
 *(SORT(.ctors.*))
                0x1104ef58                PROVIDE (__CTOR_END__, ABSOLUTE (.))
                0x1104ef58                PROVIDE (__DTOR_LIST__, ABSOLUTE (.))
 *(.dtors)
 *(SORT(.dtors.*))
                0x1104ef58                PROVIDE (__DTOR_END__, ABSOLUTE (.))
 *(.jcr)
                0x1104ef58                . = ALIGN (0x4)

.rodata         0x00000000      0xdd8 load address 0x1104ef58
                0x00000000                PROVIDE (__ram_rodata_start, ABSOLUTE (.))
                0x00000000                . = ALIGN (0x4)
 *(.rodata .rodata.* .gnu.linkonce.r.*)
 .rodata        0x00000000      0x150 obj/default/AUDIO.o
 .rodata        0x00000150       0x88 obj/default/I2C.o
 .rodata        0x000001d8       0x10 obj/default/debug.o
 .rodata        0x000001e8      0x8c0 obj/default/main.o
                0x00000269                szMenu
 .rodata        0x00000aa8       0x10 c:/altera/13.1/nios2eds/bin/gnu/h-i686-mingw32/bin/../lib/gcc/nios2-elf/4.7.3\libgcc.a(_thenan_sf.o)
                0x00000aa8                __thenan_sf
 .rodata        0x00000ab8       0x14 c:/altera/13.1/nios2eds/bin/gnu/h-i686-mingw32/bin/../lib/gcc/nios2-elf/4.7.3\libgcc.a(_thenan_df.o)
                0x00000ab8                __thenan_df
 .rodata        0x00000acc      0x100 c:/altera/13.1/nios2eds/bin/gnu/h-i686-mingw32/bin/../lib/gcc/nios2-elf/4.7.3\libgcc.a(_clz.o)
                0x00000acc                __clz_tab
 .rodata.str1.4
                0x00000bcc        0x2 c:/altera/13.1/nios2eds/bin/gnu/h-i686-mingw32/bin/../lib/gcc/nios2-elf/4.7.3/../../../../../H-i686-mingw32/nios2-elf/lib\libc.a(lib_a-puts.o)
                                  0x4 (size before relaxing)
 *fill*         0x00000bce        0x2 
 .rodata.str1.4
                0x00000bd0       0x42 c:/altera/13.1/nios2eds/bin/gnu/h-i686-mingw32/bin/../lib/gcc/nios2-elf/4.7.3/../../../../../H-i686-mingw32/nios2-elf/lib\libc.a(lib_a-vfprintf.o)
                                 0x44 (size before relaxing)
 .rodata        0x00000c12       0x20 c:/altera/13.1/nios2eds/bin/gnu/h-i686-mingw32/bin/../lib/gcc/nios2-elf/4.7.3/../../../../../H-i686-mingw32/nios2-elf/lib\libc.a(lib_a-vfprintf.o)
 *fill*         0x00000c32        0x2 
 .rodata.str1.4
                0x00000c34       0x10 c:/altera/13.1/nios2eds/bin/gnu/h-i686-mingw32/bin/../lib/gcc/nios2-elf/4.7.3/../../../../../H-i686-mingw32/nios2-elf/lib\libc.a(lib_a-dtoa.o)
                                 0x14 (size before relaxing)
 .rodata.str1.4
                0x00000c44        0x2 c:/altera/13.1/nios2eds/bin/gnu/h-i686-mingw32/bin/../lib/gcc/nios2-elf/4.7.3/../../../../../H-i686-mingw32/nios2-elf/lib\libc.a(lib_a-impure.o)
                                  0x4 (size before relaxing)
 *fill*         0x00000c46        0x2 
 .rodata.str1.4
                0x00000c48       0x10 c:/altera/13.1/nios2eds/bin/gnu/h-i686-mingw32/bin/../lib/gcc/nios2-elf/4.7.3/../../../../../H-i686-mingw32/nios2-elf/lib\libc.a(lib_a-locale.o)
                                 0x18 (size before relaxing)
 .rodata        0x00000c58       0x30 c:/altera/13.1/nios2eds/bin/gnu/h-i686-mingw32/bin/../lib/gcc/nios2-elf/4.7.3/../../../../../H-i686-mingw32/nios2-elf/lib\libc.a(lib_a-locale.o)
 .rodata        0x00000c88      0x124 c:/altera/13.1/nios2eds/bin/gnu/h-i686-mingw32/bin/../lib/gcc/nios2-elf/4.7.3/../../../../../H-i686-mingw32/nios2-elf/lib\libc.a(lib_a-mprec.o)
                0x00000c88                __mprec_tinytens
                0x00000cb0                __mprec_bigtens
                0x00000cd8                __mprec_tens
 .rodata        0x00000dac        0xc ../my_software_4_bsp/\libhal_bsp.a(alt_dev.o)
 .rodata        0x00000db8       0x10 ../my_software_4_bsp/\libhal_bsp.a(alt_main.o)
 .rodata        0x00000dc8       0x10 ../my_software_4_bsp/\libhal_bsp.a(alt_sys_init.o)
 *(.rodata1)
                0x00000dd8                . = ALIGN (0x4)
                0x00000dd8                PROVIDE (__ram_rodata_end, ABSOLUTE (.))
                0x1104ef58                PROVIDE (__flash_rodata_start, LOADADDR (.rodata))

.rwdata         0x00000dd8     0x1a58 load address 0x1104fd30
                0x00000dd8                PROVIDE (__ram_rwdata_start, ABSOLUTE (.))
                0x00000dd8                . = ALIGN (0x4)
 *(.got.plt)
 *(.got)
 *(.data1)
 *(.data .data.* .gnu.linkonce.d.*)
 .data          0x00000dd8        0x0 ../my_software_4_bsp//obj/HAL/src/crt0.o
 .data          0x00000dd8        0x0 obj/default/AUDIO.o
 .data          0x00000dd8        0x0 obj/default/I2C.o
 .data          0x00000dd8        0x0 obj/default/LED.o
 .data          0x00000dd8        0x0 obj/default/debug.o
 .data          0x00000dd8        0x0 obj/default/main.o
 .data          0x00000dd8        0x0 c:/altera/13.1/nios2eds/bin/gnu/h-i686-mingw32/bin/../lib/gcc/nios2-elf/4.7.3\libgcc.a(_div_sf.o)
 .data          0x00000dd8        0x0 c:/altera/13.1/nios2eds/bin/gnu/h-i686-mingw32/bin/../lib/gcc/nios2-elf/4.7.3\libgcc.a(_gt_sf.o)
 .data          0x00000dd8        0x0 c:/altera/13.1/nios2eds/bin/gnu/h-i686-mingw32/bin/../lib/gcc/nios2-elf/4.7.3\libgcc.a(_sf_to_df.o)
 .data          0x00000dd8        0x0 c:/altera/13.1/nios2eds/bin/gnu/h-i686-mingw32/bin/../lib/gcc/nios2-elf/4.7.3\libgcc.a(_thenan_sf.o)
 .data          0x00000dd8        0x0 c:/altera/13.1/nios2eds/bin/gnu/h-i686-mingw32/bin/../lib/gcc/nios2-elf/4.7.3\libgcc.a(_usi_to_sf.o)
 .data          0x00000dd8        0x0 c:/altera/13.1/nios2eds/bin/gnu/h-i686-mingw32/bin/../lib/gcc/nios2-elf/4.7.3\libgcc.a(_addsub_df.o)
 .data          0x00000dd8        0x0 c:/altera/13.1/nios2eds/bin/gnu/h-i686-mingw32/bin/../lib/gcc/nios2-elf/4.7.3\libgcc.a(_div_df.o)
 .data          0x00000dd8        0x0 c:/altera/13.1/nios2eds/bin/gnu/h-i686-mingw32/bin/../lib/gcc/nios2-elf/4.7.3\libgcc.a(_make_df.o)
 .data          0x00000dd8        0x0 c:/altera/13.1/nios2eds/bin/gnu/h-i686-mingw32/bin/../lib/gcc/nios2-elf/4.7.3\libgcc.a(_df_to_sf.o)
 .data          0x00000dd8        0x0 c:/altera/13.1/nios2eds/bin/gnu/h-i686-mingw32/bin/../lib/gcc/nios2-elf/4.7.3\libgcc.a(_thenan_df.o)
 .data          0x00000dd8        0x0 c:/altera/13.1/nios2eds/bin/gnu/h-i686-mingw32/bin/../lib/gcc/nios2-elf/4.7.3\libgcc.a(lib2-divmod.o)
 .data          0x00000dd8        0x0 c:/altera/13.1/nios2eds/bin/gnu/h-i686-mingw32/bin/../lib/gcc/nios2-elf/4.7.3\libgcc.a(_clzsi2.o)
 .data          0x00000dd8        0x0 c:/altera/13.1/nios2eds/bin/gnu/h-i686-mingw32/bin/../lib/gcc/nios2-elf/4.7.3\libgcc.a(_pack_sf.o)
 .data          0x00000dd8        0x0 c:/altera/13.1/nios2eds/bin/gnu/h-i686-mingw32/bin/../lib/gcc/nios2-elf/4.7.3\libgcc.a(_unpack_sf.o)
 .data          0x00000dd8        0x0 c:/altera/13.1/nios2eds/bin/gnu/h-i686-mingw32/bin/../lib/gcc/nios2-elf/4.7.3\libgcc.a(_fpcmp_parts_sf.o)
 .data          0x00000dd8        0x0 c:/altera/13.1/nios2eds/bin/gnu/h-i686-mingw32/bin/../lib/gcc/nios2-elf/4.7.3\libgcc.a(_make_sf.o)
 .data          0x00000dd8        0x0 c:/altera/13.1/nios2eds/bin/gnu/h-i686-mingw32/bin/../lib/gcc/nios2-elf/4.7.3\libgcc.a(_pack_df.o)
 .data          0x00000dd8        0x0 c:/altera/13.1/nios2eds/bin/gnu/h-i686-mingw32/bin/../lib/gcc/nios2-elf/4.7.3\libgcc.a(_unpack_df.o)
 .data          0x00000dd8        0x0 c:/altera/13.1/nios2eds/bin/gnu/h-i686-mingw32/bin/../lib/gcc/nios2-elf/4.7.3\libgcc.a(_lshrdi3.o)
 .data          0x00000dd8        0x0 c:/altera/13.1/nios2eds/bin/gnu/h-i686-mingw32/bin/../lib/gcc/nios2-elf/4.7.3\libgcc.a(_ashldi3.o)
 .data          0x00000dd8        0x0 c:/altera/13.1/nios2eds/bin/gnu/h-i686-mingw32/bin/../lib/gcc/nios2-elf/4.7.3\libgcc.a(_clz.o)
 .data          0x00000dd8        0x0 c:/altera/13.1/nios2eds/bin/gnu/h-i686-mingw32/bin/../lib/gcc/nios2-elf/4.7.3/../../../../../H-i686-mingw32/nios2-elf/lib\libc.a(lib_a-printf.o)
 .data          0x00000dd8        0x0 c:/altera/13.1/nios2eds/bin/gnu/h-i686-mingw32/bin/../lib/gcc/nios2-elf/4.7.3/../../../../../H-i686-mingw32/nios2-elf/lib\libc.a(lib_a-puts.o)
 .data          0x00000dd8        0x0 c:/altera/13.1/nios2eds/bin/gnu/h-i686-mingw32/bin/../lib/gcc/nios2-elf/4.7.3/../../../../../H-i686-mingw32/nios2-elf/lib\libc.a(lib_a-sprintf.o)
 .data          0x00000dd8        0x0 c:/altera/13.1/nios2eds/bin/gnu/h-i686-mingw32/bin/../lib/gcc/nios2-elf/4.7.3/../../../../../H-i686-mingw32/nios2-elf/lib\libc.a(lib_a-strlen.o)
 .data          0x00000dd8        0x0 c:/altera/13.1/nios2eds/bin/gnu/h-i686-mingw32/bin/../lib/gcc/nios2-elf/4.7.3/../../../../../H-i686-mingw32/nios2-elf/lib\libc.a(lib_a-vfprintf.o)
 .data          0x00000dd8        0x0 c:/altera/13.1/nios2eds/bin/gnu/h-i686-mingw32/bin/../lib/gcc/nios2-elf/4.7.3/../../../../../H-i686-mingw32/nios2-elf/lib\libc.a(lib_a-vsnprintf.o)
 .data          0x00000dd8        0x0 c:/altera/13.1/nios2eds/bin/gnu/h-i686-mingw32/bin/../lib/gcc/nios2-elf/4.7.3/../../../../../H-i686-mingw32/nios2-elf/lib\libc.a(lib_a-wsetup.o)
 .data          0x00000dd8        0x0 c:/altera/13.1/nios2eds/bin/gnu/h-i686-mingw32/bin/../lib/gcc/nios2-elf/4.7.3/../../../../../H-i686-mingw32/nios2-elf/lib\libc.a(lib_a-dtoa.o)
 .data          0x00000dd8        0x0 c:/altera/13.1/nios2eds/bin/gnu/h-i686-mingw32/bin/../lib/gcc/nios2-elf/4.7.3/../../../../../H-i686-mingw32/nios2-elf/lib\libc.a(lib_a-fflush.o)
 .data          0x00000dd8        0x0 c:/altera/13.1/nios2eds/bin/gnu/h-i686-mingw32/bin/../lib/gcc/nios2-elf/4.7.3/../../../../../H-i686-mingw32/nios2-elf/lib\libc.a(lib_a-findfp.o)
 .data          0x00000dd8        0x0 c:/altera/13.1/nios2eds/bin/gnu/h-i686-mingw32/bin/../lib/gcc/nios2-elf/4.7.3/../../../../../H-i686-mingw32/nios2-elf/lib\libc.a(lib_a-freer.o)
 .data          0x00000dd8        0x0 c:/altera/13.1/nios2eds/bin/gnu/h-i686-mingw32/bin/../lib/gcc/nios2-elf/4.7.3/../../../../../H-i686-mingw32/nios2-elf/lib\libc.a(lib_a-fvwrite.o)
 .data          0x00000dd8        0x0 c:/altera/13.1/nios2eds/bin/gnu/h-i686-mingw32/bin/../lib/gcc/nios2-elf/4.7.3/../../../../../H-i686-mingw32/nios2-elf/lib\libc.a(lib_a-fwalk.o)
 .data          0x00000dd8      0x400 c:/altera/13.1/nios2eds/bin/gnu/h-i686-mingw32/bin/../lib/gcc/nios2-elf/4.7.3/../../../../../H-i686-mingw32/nios2-elf/lib\libc.a(lib_a-impure.o)
 .data          0x000011d8        0xc c:/altera/13.1/nios2eds/bin/gnu/h-i686-mingw32/bin/../lib/gcc/nios2-elf/4.7.3/../../../../../H-i686-mingw32/nios2-elf/lib\libc.a(lib_a-locale.o)
                0x000011d8                __lc_ctype
 .data          0x000011e4        0x0 c:/altera/13.1/nios2eds/bin/gnu/h-i686-mingw32/bin/../lib/gcc/nios2-elf/4.7.3/../../../../../H-i686-mingw32/nios2-elf/lib\libc.a(lib_a-makebuf.o)
 .data          0x000011e4      0x408 c:/altera/13.1/nios2eds/bin/gnu/h-i686-mingw32/bin/../lib/gcc/nios2-elf/4.7.3/../../../../../H-i686-mingw32/nios2-elf/lib\libc.a(lib_a-mallocr.o)
                0x000011e4                __malloc_av_
 .data          0x000015ec        0x0 c:/altera/13.1/nios2eds/bin/gnu/h-i686-mingw32/bin/../lib/gcc/nios2-elf/4.7.3/../../../../../H-i686-mingw32/nios2-elf/lib\libc.a(lib_a-memchr.o)
 .data          0x000015ec        0x0 c:/altera/13.1/nios2eds/bin/gnu/h-i686-mingw32/bin/../lib/gcc/nios2-elf/4.7.3/../../../../../H-i686-mingw32/nios2-elf/lib\libc.a(lib_a-memcpy.o)
 .data          0x000015ec        0x0 c:/altera/13.1/nios2eds/bin/gnu/h-i686-mingw32/bin/../lib/gcc/nios2-elf/4.7.3/../../../../../H-i686-mingw32/nios2-elf/lib\libc.a(lib_a-memmove.o)
 .data          0x000015ec        0x0 c:/altera/13.1/nios2eds/bin/gnu/h-i686-mingw32/bin/../lib/gcc/nios2-elf/4.7.3/../../../../../H-i686-mingw32/nios2-elf/lib\libc.a(lib_a-memset.o)
 .data          0x000015ec        0x0 c:/altera/13.1/nios2eds/bin/gnu/h-i686-mingw32/bin/../lib/gcc/nios2-elf/4.7.3/../../../../../H-i686-mingw32/nios2-elf/lib\libc.a(lib_a-mprec.o)
 .data          0x000015ec        0x0 c:/altera/13.1/nios2eds/bin/gnu/h-i686-mingw32/bin/../lib/gcc/nios2-elf/4.7.3/../../../../../H-i686-mingw32/nios2-elf/lib\libc.a(lib_a-reallocr.o)
 .data          0x000015ec        0x0 c:/altera/13.1/nios2eds/bin/gnu/h-i686-mingw32/bin/../lib/gcc/nios2-elf/4.7.3/../../../../../H-i686-mingw32/nios2-elf/lib\libc.a(lib_a-s_isinfd.o)
 .data          0x000015ec        0x0 c:/altera/13.1/nios2eds/bin/gnu/h-i686-mingw32/bin/../lib/gcc/nios2-elf/4.7.3/../../../../../H-i686-mingw32/nios2-elf/lib\libc.a(lib_a-s_isnand.o)
 .data          0x000015ec        0x0 c:/altera/13.1/nios2eds/bin/gnu/h-i686-mingw32/bin/../lib/gcc/nios2-elf/4.7.3/../../../../../H-i686-mingw32/nios2-elf/lib\libc.a(lib_a-sbrkr.o)
 .data          0x000015ec        0x0 c:/altera/13.1/nios2eds/bin/gnu/h-i686-mingw32/bin/../lib/gcc/nios2-elf/4.7.3/../../../../../H-i686-mingw32/nios2-elf/lib\libc.a(lib_a-stdio.o)
 .data          0x000015ec        0x0 c:/altera/13.1/nios2eds/bin/gnu/h-i686-mingw32/bin/../lib/gcc/nios2-elf/4.7.3/../../../../../H-i686-mingw32/nios2-elf/lib\libc.a(lib_a-strcmp.o)
 .data          0x000015ec        0x0 c:/altera/13.1/nios2eds/bin/gnu/h-i686-mingw32/bin/../lib/gcc/nios2-elf/4.7.3/../../../../../H-i686-mingw32/nios2-elf/lib\libc.a(lib_a-writer.o)
 .data          0x000015ec        0x0 c:/altera/13.1/nios2eds/bin/gnu/h-i686-mingw32/bin/../lib/gcc/nios2-elf/4.7.3/../../../../../H-i686-mingw32/nios2-elf/lib\libc.a(lib_a-callocr.o)
 .data          0x000015ec        0x0 c:/altera/13.1/nios2eds/bin/gnu/h-i686-mingw32/bin/../lib/gcc/nios2-elf/4.7.3/../../../../../H-i686-mingw32/nios2-elf/lib\libc.a(lib_a-closer.o)
 .data          0x000015ec        0x0 c:/altera/13.1/nios2eds/bin/gnu/h-i686-mingw32/bin/../lib/gcc/nios2-elf/4.7.3/../../../../../H-i686-mingw32/nios2-elf/lib\libc.a(lib_a-fclose.o)
 .data          0x000015ec        0x0 c:/altera/13.1/nios2eds/bin/gnu/h-i686-mingw32/bin/../lib/gcc/nios2-elf/4.7.3/../../../../../H-i686-mingw32/nios2-elf/lib\libc.a(lib_a-fstatr.o)
 .data          0x000015ec        0x0 c:/altera/13.1/nios2eds/bin/gnu/h-i686-mingw32/bin/../lib/gcc/nios2-elf/4.7.3/../../../../../H-i686-mingw32/nios2-elf/lib\libc.a(lib_a-int_errno.o)
 .data          0x000015ec        0x0 c:/altera/13.1/nios2eds/bin/gnu/h-i686-mingw32/bin/../lib/gcc/nios2-elf/4.7.3/../../../../../H-i686-mingw32/nios2-elf/lib\libc.a(lib_a-isattyr.o)
 .data          0x000015ec        0x0 c:/altera/13.1/nios2eds/bin/gnu/h-i686-mingw32/bin/../lib/gcc/nios2-elf/4.7.3/../../../../../H-i686-mingw32/nios2-elf/lib\libc.a(lib_a-lseekr.o)
 .data          0x000015ec        0x0 c:/altera/13.1/nios2eds/bin/gnu/h-i686-mingw32/bin/../lib/gcc/nios2-elf/4.7.3/../../../../../H-i686-mingw32/nios2-elf/lib\libc.a(lib_a-readr.o)
 .data          0x000015ec        0x0 c:/altera/13.1/nios2eds/bin/gnu/h-i686-mingw32/bin/../lib/gcc/nios2-elf/4.7.3\libgcc.a(_udivdi3.o)
 .data          0x000015ec        0x0 c:/altera/13.1/nios2eds/bin/gnu/h-i686-mingw32/bin/../lib/gcc/nios2-elf/4.7.3\libgcc.a(_umoddi3.o)
 .data          0x000015ec        0x0 c:/altera/13.1/nios2eds/bin/gnu/h-i686-mingw32/bin/../lib/gcc/nios2-elf/4.7.3\libgcc.a(_mul_df.o)
 .data          0x000015ec        0x0 c:/altera/13.1/nios2eds/bin/gnu/h-i686-mingw32/bin/../lib/gcc/nios2-elf/4.7.3\libgcc.a(_eq_df.o)
 .data          0x000015ec        0x0 c:/altera/13.1/nios2eds/bin/gnu/h-i686-mingw32/bin/../lib/gcc/nios2-elf/4.7.3\libgcc.a(_ne_df.o)
 .data          0x000015ec        0x0 c:/altera/13.1/nios2eds/bin/gnu/h-i686-mingw32/bin/../lib/gcc/nios2-elf/4.7.3\libgcc.a(_gt_df.o)
 .data          0x000015ec        0x0 c:/altera/13.1/nios2eds/bin/gnu/h-i686-mingw32/bin/../lib/gcc/nios2-elf/4.7.3\libgcc.a(_ge_df.o)
 .data          0x000015ec        0x0 c:/altera/13.1/nios2eds/bin/gnu/h-i686-mingw32/bin/../lib/gcc/nios2-elf/4.7.3\libgcc.a(_lt_df.o)
 .data          0x000015ec        0x0 c:/altera/13.1/nios2eds/bin/gnu/h-i686-mingw32/bin/../lib/gcc/nios2-elf/4.7.3\libgcc.a(_si_to_df.o)
 .data          0x000015ec        0x0 c:/altera/13.1/nios2eds/bin/gnu/h-i686-mingw32/bin/../lib/gcc/nios2-elf/4.7.3\libgcc.a(_df_to_si.o)
 .data          0x000015ec        0x0 c:/altera/13.1/nios2eds/bin/gnu/h-i686-mingw32/bin/../lib/gcc/nios2-elf/4.7.3\libgcc.a(_usi_to_df.o)
 .data          0x000015ec        0x0 c:/altera/13.1/nios2eds/bin/gnu/h-i686-mingw32/bin/../lib/gcc/nios2-elf/4.7.3\libgcc.a(_muldi3.o)
 .data          0x000015ec        0x0 c:/altera/13.1/nios2eds/bin/gnu/h-i686-mingw32/bin/../lib/gcc/nios2-elf/4.7.3\libgcc.a(_fpcmp_parts_df.o)
 .data          0x000015ec        0x0 ../my_software_4_bsp/\libhal_bsp.a(alt_close.o)
 .data          0x000015ec      0x1a8 ../my_software_4_bsp/\libhal_bsp.a(alt_dev.o)
                0x000015ec                alt_dev_null
                0x00001614                alt_fd_list
 .data          0x00001794        0x0 ../my_software_4_bsp/\libhal_bsp.a(alt_errno.o)
 .data          0x00001794        0x0 ../my_software_4_bsp/\libhal_bsp.a(alt_fstat.o)
 .data          0x00001794        0x0 ../my_software_4_bsp/\libhal_bsp.a(alt_iic.o)
 .data          0x00001794        0x0 ../my_software_4_bsp/\libhal_bsp.a(alt_iic_isr_register.o)
 .data          0x00001794        0x0 ../my_software_4_bsp/\libhal_bsp.a(alt_irq_entry.o)
 .data          0x00001794        0x0 ../my_software_4_bsp/\libhal_bsp.a(alt_irq_handler.o)
 .data          0x00001794        0x0 ../my_software_4_bsp/\libhal_bsp.a(alt_irq_register.o)
 .data          0x00001794        0x0 ../my_software_4_bsp/\libhal_bsp.a(alt_irq_vars.o)
 .data          0x00001794        0x0 ../my_software_4_bsp/\libhal_bsp.a(alt_isatty.o)
 .data          0x00001794        0x0 ../my_software_4_bsp/\libhal_bsp.a(alt_load.o)
 .data          0x00001794        0x0 ../my_software_4_bsp/\libhal_bsp.a(alt_lseek.o)
 .data          0x00001794        0x0 ../my_software_4_bsp/\libhal_bsp.a(alt_main.o)
 .data          0x00001794        0x0 ../my_software_4_bsp/\libhal_bsp.a(alt_malloc_lock.o)
 .data          0x00001794        0x0 ../my_software_4_bsp/\libhal_bsp.a(alt_read.o)
 .data          0x00001794        0x0 ../my_software_4_bsp/\libhal_bsp.a(alt_release_fd.o)
 .data          0x00001794        0x0 ../my_software_4_bsp/\libhal_bsp.a(alt_sbrk.o)
 .data          0x00001794        0x0 ../my_software_4_bsp/\libhal_bsp.a(alt_usleep.o)
 .data          0x00001794        0x0 ../my_software_4_bsp/\libhal_bsp.a(alt_write.o)
 .data          0x00001794     0x1060 ../my_software_4_bsp/\libhal_bsp.a(alt_sys_init.o)
 .data          0x000027f4        0x0 ../my_software_4_bsp/\libhal_bsp.a(altera_avalon_jtag_uart_fd.o)
 .data          0x000027f4        0x0 ../my_software_4_bsp/\libhal_bsp.a(altera_avalon_jtag_uart_init.o)
 .data          0x000027f4        0x0 ../my_software_4_bsp/\libhal_bsp.a(altera_avalon_jtag_uart_ioctl.o)
 .data          0x000027f4        0x0 ../my_software_4_bsp/\libhal_bsp.a(altera_avalon_jtag_uart_read.o)
 .data          0x000027f4        0x0 ../my_software_4_bsp/\libhal_bsp.a(altera_avalon_jtag_uart_write.o)
 .data          0x000027f4        0x0 ../my_software_4_bsp/\libhal_bsp.a(altera_avalon_spi.o)
 .data          0x000027f4        0x0 ../my_software_4_bsp/\libhal_bsp.a(altera_avalon_timer_sc.o)
 .data          0x000027f4        0x0 ../my_software_4_bsp/\libhal_bsp.a(alt_alarm_start.o)
 .data          0x000027f4        0x0 ../my_software_4_bsp/\libhal_bsp.a(alt_busy_sleep.o)
 .data          0x000027f4        0x0 ../my_software_4_bsp/\libhal_bsp.a(alt_dcache_flush_all.o)
 .data          0x000027f4        0x0 ../my_software_4_bsp/\libhal_bsp.a(alt_dev_llist_insert.o)
 .data          0x000027f4        0x0 ../my_software_4_bsp/\libhal_bsp.a(alt_do_ctors.o)
 .data          0x000027f4        0x0 ../my_software_4_bsp/\libhal_bsp.a(alt_do_dtors.o)
 .data          0x000027f4        0x0 ../my_software_4_bsp/\libhal_bsp.a(alt_exception_entry.o)
 .data          0x000027f4        0x0 ../my_software_4_bsp/\libhal_bsp.a(alt_icache_flush_all.o)
 .data          0x000027f4        0x0 ../my_software_4_bsp/\libhal_bsp.a(alt_io_redirect.o)
 .data          0x000027f4        0x0 ../my_software_4_bsp/\libhal_bsp.a(alt_open.o)
 .data          0x000027f4        0x0 ../my_software_4_bsp/\libhal_bsp.a(alt_tick.o)
 .data          0x000027f4        0x0 ../my_software_4_bsp/\libhal_bsp.a(altera_nios2_qsys_irq.o)
 .data          0x000027f4        0x0 ../my_software_4_bsp/\libhal_bsp.a(alt_find_dev.o)
 .data          0x000027f4        0x0 ../my_software_4_bsp/\libhal_bsp.a(alt_find_file.o)
 .data          0x000027f4        0x0 ../my_software_4_bsp/\libhal_bsp.a(alt_get_fd.o)
 .data          0x000027f4        0x0 ../my_software_4_bsp/\libhal_bsp.a(alt_icache_flush.o)
 .data          0x000027f4        0x0 c:/altera/13.1/nios2eds/bin/gnu/h-i686-mingw32/bin/../lib/gcc/nios2-elf/4.7.3/../../../../../H-i686-mingw32/nios2-elf/lib\libc.a(lib_a-atexit.o)
 .data          0x000027f4        0x0 c:/altera/13.1/nios2eds/bin/gnu/h-i686-mingw32/bin/../lib/gcc/nios2-elf/4.7.3/../../../../../H-i686-mingw32/nios2-elf/lib\libc.a(lib_a-exit.o)
 .data          0x000027f4        0x0 c:/altera/13.1/nios2eds/bin/gnu/h-i686-mingw32/bin/../lib/gcc/nios2-elf/4.7.3/../../../../../H-i686-mingw32/nios2-elf/lib\libc.a(lib_a-memcmp.o)
 .data          0x000027f4        0x0 c:/altera/13.1/nios2eds/bin/gnu/h-i686-mingw32/bin/../lib/gcc/nios2-elf/4.7.3/../../../../../H-i686-mingw32/nios2-elf/lib\libc.a(lib_a-__atexit.o)
 .data          0x000027f4        0x0 c:/altera/13.1/nios2eds/bin/gnu/h-i686-mingw32/bin/../lib/gcc/nios2-elf/4.7.3/../../../../../H-i686-mingw32/nios2-elf/lib\libc.a(lib_a-__call_atexit.o)
 .data          0x000027f4        0x0 ../my_software_4_bsp/\libhal_bsp.a(alt_exit.o)
                0x0000a7f4                _gp = ABSOLUTE ((. + 0x8000))
                0x0000a7f4                PROVIDE (gp, _gp)
 *(.rwdata .rwdata.*)
 *(.sdata .sdata.* .gnu.linkonce.s.*)
 .sdata         0x000027f4        0x8 c:/altera/13.1/nios2eds/bin/gnu/h-i686-mingw32/bin/../lib/gcc/nios2-elf/4.7.3/../../../../../H-i686-mingw32/nios2-elf/lib\libc.a(lib_a-impure.o)
                0x000027f4                _global_impure_ptr
                0x000027f8                _impure_ptr
 .sdata         0x000027fc        0x4 c:/altera/13.1/nios2eds/bin/gnu/h-i686-mingw32/bin/../lib/gcc/nios2-elf/4.7.3/../../../../../H-i686-mingw32/nios2-elf/lib\libc.a(lib_a-locale.o)
                0x000027fc                __mb_cur_max
 .sdata         0x00002800        0x8 c:/altera/13.1/nios2eds/bin/gnu/h-i686-mingw32/bin/../lib/gcc/nios2-elf/4.7.3/../../../../../H-i686-mingw32/nios2-elf/lib\libc.a(lib_a-mallocr.o)
                0x00002800                __malloc_sbrk_base
                0x00002804                __malloc_trim_threshold
 .sdata         0x00002808       0x14 ../my_software_4_bsp/\libhal_bsp.a(alt_dev.o)
                0x00002808                alt_fs_list
                0x00002810                alt_dev_list
                0x00002818                alt_max_fd
 .sdata         0x0000281c        0x4 ../my_software_4_bsp/\libhal_bsp.a(alt_errno.o)
                0x0000281c                alt_errno
 .sdata         0x00002820        0x4 ../my_software_4_bsp/\libhal_bsp.a(alt_irq_vars.o)
                0x00002820                alt_priority_mask
 .sdata         0x00002824        0x4 ../my_software_4_bsp/\libhal_bsp.a(alt_sbrk.o)
 .sdata         0x00002828        0x8 ../my_software_4_bsp/\libhal_bsp.a(alt_tick.o)
                0x00002828                alt_alarm_list
 *(.sdata2 .sdata2.* .gnu.linkonce.s2.*)
                0x00002830                . = ALIGN (0x4)
                0x00002830                _edata = ABSOLUTE (.)
                0x00002830                PROVIDE (edata, ABSOLUTE (.))
                0x00002830                PROVIDE (__ram_rwdata_end, ABSOLUTE (.))
                0x1104fd30                PROVIDE (__flash_rwdata_start, LOADADDR (.rwdata))

.bss            0x00002830      0x320 load address 0x11051788
                0x00002830                __bss_start = ABSOLUTE (.)
                0x00002830                PROVIDE (__sbss_start, ABSOLUTE (.))
                0x00002830                PROVIDE (___sbss_start, ABSOLUTE (.))
 *(.dynsbss)
 *(.sbss .sbss.* .gnu.linkonce.sb.*)
 .sbss          0x00002830        0x8 obj/default/main.o
                0x00002830                hour
                0x00002831                min
                0x00002832                sec
                0x00002834                is_alarm_on
 .sbss          0x00002838        0x4 obj/default/main.o
                0x00002838                record_sample_rate
 .sbss          0x0000283c        0xc c:/altera/13.1/nios2eds/bin/gnu/h-i686-mingw32/bin/../lib/gcc/nios2-elf/4.7.3/../../../../../H-i686-mingw32/nios2-elf/lib\libc.a(lib_a-locale.o)
                0x0000283c                _PathLocale
                0x00002840                __mlocale_changed
                0x00002844                __nlocale_changed
 .sbss          0x00002848        0xc c:/altera/13.1/nios2eds/bin/gnu/h-i686-mingw32/bin/../lib/gcc/nios2-elf/4.7.3/../../../../../H-i686-mingw32/nios2-elf/lib\libc.a(lib_a-mallocr.o)
                0x00002848                __malloc_max_total_mem
                0x0000284c                __malloc_max_sbrked_mem
                0x00002850                __malloc_top_pad
 .sbss          0x00002854        0x4 c:/altera/13.1/nios2eds/bin/gnu/h-i686-mingw32/bin/../lib/gcc/nios2-elf/4.7.3/../../../../../H-i686-mingw32/nios2-elf/lib\libc.a(lib_a-int_errno.o)
                0x00002854                errno
 .sbss          0x00002858        0x4 ../my_software_4_bsp/\libhal_bsp.a(alt_irq_vars.o)
                0x00002858                alt_irq_active
 .sbss          0x0000285c        0xc ../my_software_4_bsp/\libhal_bsp.a(alt_main.o)
                0x0000285c                alt_argc
                0x00002860                alt_argv
                0x00002864                alt_envp
 .sbss          0x00002868        0x8 ../my_software_4_bsp/\libhal_bsp.a(alt_tick.o)
                0x00002868                _alt_tick_rate
                0x0000286c                _alt_nticks
 *(.sbss2 .sbss2.* .gnu.linkonce.sb2.*)
 *(.scommon)
                0x00002870                PROVIDE (__sbss_end, ABSOLUTE (.))
                0x00002870                PROVIDE (___sbss_end, ABSOLUTE (.))
 *(.dynbss)
 *(.bss .bss.* .gnu.linkonce.b.*)
 .bss           0x00002870        0x0 ../my_software_4_bsp//obj/HAL/src/crt0.o
 .bss           0x00002870       0x28 obj/default/AUDIO.o
 .bss           0x00002898        0x0 obj/default/I2C.o
 .bss           0x00002898        0x0 obj/default/LED.o
 .bss           0x00002898        0x0 obj/default/debug.o
 .bss           0x00002898        0x0 obj/default/main.o
 .bss           0x00002898        0x0 c:/altera/13.1/nios2eds/bin/gnu/h-i686-mingw32/bin/../lib/gcc/nios2-elf/4.7.3\libgcc.a(_div_sf.o)
 .bss           0x00002898        0x0 c:/altera/13.1/nios2eds/bin/gnu/h-i686-mingw32/bin/../lib/gcc/nios2-elf/4.7.3\libgcc.a(_gt_sf.o)
 .bss           0x00002898        0x0 c:/altera/13.1/nios2eds/bin/gnu/h-i686-mingw32/bin/../lib/gcc/nios2-elf/4.7.3\libgcc.a(_sf_to_df.o)
 .bss           0x00002898        0x0 c:/altera/13.1/nios2eds/bin/gnu/h-i686-mingw32/bin/../lib/gcc/nios2-elf/4.7.3\libgcc.a(_thenan_sf.o)
 .bss           0x00002898        0x0 c:/altera/13.1/nios2eds/bin/gnu/h-i686-mingw32/bin/../lib/gcc/nios2-elf/4.7.3\libgcc.a(_usi_to_sf.o)
 .bss           0x00002898        0x0 c:/altera/13.1/nios2eds/bin/gnu/h-i686-mingw32/bin/../lib/gcc/nios2-elf/4.7.3\libgcc.a(_addsub_df.o)
 .bss           0x00002898        0x0 c:/altera/13.1/nios2eds/bin/gnu/h-i686-mingw32/bin/../lib/gcc/nios2-elf/4.7.3\libgcc.a(_div_df.o)
 .bss           0x00002898        0x0 c:/altera/13.1/nios2eds/bin/gnu/h-i686-mingw32/bin/../lib/gcc/nios2-elf/4.7.3\libgcc.a(_make_df.o)
 .bss           0x00002898        0x0 c:/altera/13.1/nios2eds/bin/gnu/h-i686-mingw32/bin/../lib/gcc/nios2-elf/4.7.3\libgcc.a(_df_to_sf.o)
 .bss           0x00002898        0x0 c:/altera/13.1/nios2eds/bin/gnu/h-i686-mingw32/bin/../lib/gcc/nios2-elf/4.7.3\libgcc.a(_thenan_df.o)
 .bss           0x00002898        0x0 c:/altera/13.1/nios2eds/bin/gnu/h-i686-mingw32/bin/../lib/gcc/nios2-elf/4.7.3\libgcc.a(lib2-divmod.o)
 .bss           0x00002898        0x0 c:/altera/13.1/nios2eds/bin/gnu/h-i686-mingw32/bin/../lib/gcc/nios2-elf/4.7.3\libgcc.a(_clzsi2.o)
 .bss           0x00002898        0x0 c:/altera/13.1/nios2eds/bin/gnu/h-i686-mingw32/bin/../lib/gcc/nios2-elf/4.7.3\libgcc.a(_pack_sf.o)
 .bss           0x00002898        0x0 c:/altera/13.1/nios2eds/bin/gnu/h-i686-mingw32/bin/../lib/gcc/nios2-elf/4.7.3\libgcc.a(_unpack_sf.o)
 .bss           0x00002898        0x0 c:/altera/13.1/nios2eds/bin/gnu/h-i686-mingw32/bin/../lib/gcc/nios2-elf/4.7.3\libgcc.a(_fpcmp_parts_sf.o)
 .bss           0x00002898        0x0 c:/altera/13.1/nios2eds/bin/gnu/h-i686-mingw32/bin/../lib/gcc/nios2-elf/4.7.3\libgcc.a(_make_sf.o)
 .bss           0x00002898        0x0 c:/altera/13.1/nios2eds/bin/gnu/h-i686-mingw32/bin/../lib/gcc/nios2-elf/4.7.3\libgcc.a(_pack_df.o)
 .bss           0x00002898        0x0 c:/altera/13.1/nios2eds/bin/gnu/h-i686-mingw32/bin/../lib/gcc/nios2-elf/4.7.3\libgcc.a(_unpack_df.o)
 .bss           0x00002898        0x0 c:/altera/13.1/nios2eds/bin/gnu/h-i686-mingw32/bin/../lib/gcc/nios2-elf/4.7.3\libgcc.a(_lshrdi3.o)
 .bss           0x00002898        0x0 c:/altera/13.1/nios2eds/bin/gnu/h-i686-mingw32/bin/../lib/gcc/nios2-elf/4.7.3\libgcc.a(_ashldi3.o)
 .bss           0x00002898        0x0 c:/altera/13.1/nios2eds/bin/gnu/h-i686-mingw32/bin/../lib/gcc/nios2-elf/4.7.3\libgcc.a(_clz.o)
 .bss           0x00002898        0x0 c:/altera/13.1/nios2eds/bin/gnu/h-i686-mingw32/bin/../lib/gcc/nios2-elf/4.7.3/../../../../../H-i686-mingw32/nios2-elf/lib\libc.a(lib_a-printf.o)
 .bss           0x00002898        0x0 c:/altera/13.1/nios2eds/bin/gnu/h-i686-mingw32/bin/../lib/gcc/nios2-elf/4.7.3/../../../../../H-i686-mingw32/nios2-elf/lib\libc.a(lib_a-puts.o)
 .bss           0x00002898        0x0 c:/altera/13.1/nios2eds/bin/gnu/h-i686-mingw32/bin/../lib/gcc/nios2-elf/4.7.3/../../../../../H-i686-mingw32/nios2-elf/lib\libc.a(lib_a-sprintf.o)
 .bss           0x00002898        0x0 c:/altera/13.1/nios2eds/bin/gnu/h-i686-mingw32/bin/../lib/gcc/nios2-elf/4.7.3/../../../../../H-i686-mingw32/nios2-elf/lib\libc.a(lib_a-strlen.o)
 .bss           0x00002898        0x0 c:/altera/13.1/nios2eds/bin/gnu/h-i686-mingw32/bin/../lib/gcc/nios2-elf/4.7.3/../../../../../H-i686-mingw32/nios2-elf/lib\libc.a(lib_a-vfprintf.o)
 .bss           0x00002898        0x0 c:/altera/13.1/nios2eds/bin/gnu/h-i686-mingw32/bin/../lib/gcc/nios2-elf/4.7.3/../../../../../H-i686-mingw32/nios2-elf/lib\libc.a(lib_a-vsnprintf.o)
 .bss           0x00002898        0x0 c:/altera/13.1/nios2eds/bin/gnu/h-i686-mingw32/bin/../lib/gcc/nios2-elf/4.7.3/../../../../../H-i686-mingw32/nios2-elf/lib\libc.a(lib_a-wsetup.o)
 .bss           0x00002898        0x0 c:/altera/13.1/nios2eds/bin/gnu/h-i686-mingw32/bin/../lib/gcc/nios2-elf/4.7.3/../../../../../H-i686-mingw32/nios2-elf/lib\libc.a(lib_a-dtoa.o)
 .bss           0x00002898        0x0 c:/altera/13.1/nios2eds/bin/gnu/h-i686-mingw32/bin/../lib/gcc/nios2-elf/4.7.3/../../../../../H-i686-mingw32/nios2-elf/lib\libc.a(lib_a-fflush.o)
 .bss           0x00002898        0x0 c:/altera/13.1/nios2eds/bin/gnu/h-i686-mingw32/bin/../lib/gcc/nios2-elf/4.7.3/../../../../../H-i686-mingw32/nios2-elf/lib\libc.a(lib_a-findfp.o)
 .bss           0x00002898        0x0 c:/altera/13.1/nios2eds/bin/gnu/h-i686-mingw32/bin/../lib/gcc/nios2-elf/4.7.3/../../../../../H-i686-mingw32/nios2-elf/lib\libc.a(lib_a-freer.o)
 .bss           0x00002898        0x0 c:/altera/13.1/nios2eds/bin/gnu/h-i686-mingw32/bin/../lib/gcc/nios2-elf/4.7.3/../../../../../H-i686-mingw32/nios2-elf/lib\libc.a(lib_a-fvwrite.o)
 .bss           0x00002898        0x0 c:/altera/13.1/nios2eds/bin/gnu/h-i686-mingw32/bin/../lib/gcc/nios2-elf/4.7.3/../../../../../H-i686-mingw32/nios2-elf/lib\libc.a(lib_a-fwalk.o)
 .bss           0x00002898        0x0 c:/altera/13.1/nios2eds/bin/gnu/h-i686-mingw32/bin/../lib/gcc/nios2-elf/4.7.3/../../../../../H-i686-mingw32/nios2-elf/lib\libc.a(lib_a-impure.o)
 .bss           0x00002898        0x0 c:/altera/13.1/nios2eds/bin/gnu/h-i686-mingw32/bin/../lib/gcc/nios2-elf/4.7.3/../../../../../H-i686-mingw32/nios2-elf/lib\libc.a(lib_a-locale.o)
 .bss           0x00002898        0x0 c:/altera/13.1/nios2eds/bin/gnu/h-i686-mingw32/bin/../lib/gcc/nios2-elf/4.7.3/../../../../../H-i686-mingw32/nios2-elf/lib\libc.a(lib_a-makebuf.o)
 .bss           0x00002898       0x28 c:/altera/13.1/nios2eds/bin/gnu/h-i686-mingw32/bin/../lib/gcc/nios2-elf/4.7.3/../../../../../H-i686-mingw32/nios2-elf/lib\libc.a(lib_a-mallocr.o)
                0x00002898                __malloc_current_mallinfo
 .bss           0x000028c0        0x0 c:/altera/13.1/nios2eds/bin/gnu/h-i686-mingw32/bin/../lib/gcc/nios2-elf/4.7.3/../../../../../H-i686-mingw32/nios2-elf/lib\libc.a(lib_a-memchr.o)
 .bss           0x000028c0        0x0 c:/altera/13.1/nios2eds/bin/gnu/h-i686-mingw32/bin/../lib/gcc/nios2-elf/4.7.3/../../../../../H-i686-mingw32/nios2-elf/lib\libc.a(lib_a-memcpy.o)
 .bss           0x000028c0        0x0 c:/altera/13.1/nios2eds/bin/gnu/h-i686-mingw32/bin/../lib/gcc/nios2-elf/4.7.3/../../../../../H-i686-mingw32/nios2-elf/lib\libc.a(lib_a-memmove.o)
 .bss           0x000028c0        0x0 c:/altera/13.1/nios2eds/bin/gnu/h-i686-mingw32/bin/../lib/gcc/nios2-elf/4.7.3/../../../../../H-i686-mingw32/nios2-elf/lib\libc.a(lib_a-memset.o)
 .bss           0x000028c0        0x0 c:/altera/13.1/nios2eds/bin/gnu/h-i686-mingw32/bin/../lib/gcc/nios2-elf/4.7.3/../../../../../H-i686-mingw32/nios2-elf/lib\libc.a(lib_a-mprec.o)
 .bss           0x000028c0        0x0 c:/altera/13.1/nios2eds/bin/gnu/h-i686-mingw32/bin/../lib/gcc/nios2-elf/4.7.3/../../../../../H-i686-mingw32/nios2-elf/lib\libc.a(lib_a-reallocr.o)
 .bss           0x000028c0        0x0 c:/altera/13.1/nios2eds/bin/gnu/h-i686-mingw32/bin/../lib/gcc/nios2-elf/4.7.3/../../../../../H-i686-mingw32/nios2-elf/lib\libc.a(lib_a-s_isinfd.o)
 .bss           0x000028c0        0x0 c:/altera/13.1/nios2eds/bin/gnu/h-i686-mingw32/bin/../lib/gcc/nios2-elf/4.7.3/../../../../../H-i686-mingw32/nios2-elf/lib\libc.a(lib_a-s_isnand.o)
 .bss           0x000028c0        0x0 c:/altera/13.1/nios2eds/bin/gnu/h-i686-mingw32/bin/../lib/gcc/nios2-elf/4.7.3/../../../../../H-i686-mingw32/nios2-elf/lib\libc.a(lib_a-sbrkr.o)
 .bss           0x000028c0        0x0 c:/altera/13.1/nios2eds/bin/gnu/h-i686-mingw32/bin/../lib/gcc/nios2-elf/4.7.3/../../../../../H-i686-mingw32/nios2-elf/lib\libc.a(lib_a-stdio.o)
 .bss           0x000028c0        0x0 c:/altera/13.1/nios2eds/bin/gnu/h-i686-mingw32/bin/../lib/gcc/nios2-elf/4.7.3/../../../../../H-i686-mingw32/nios2-elf/lib\libc.a(lib_a-strcmp.o)
 .bss           0x000028c0        0x0 c:/altera/13.1/nios2eds/bin/gnu/h-i686-mingw32/bin/../lib/gcc/nios2-elf/4.7.3/../../../../../H-i686-mingw32/nios2-elf/lib\libc.a(lib_a-writer.o)
 .bss           0x000028c0        0x0 c:/altera/13.1/nios2eds/bin/gnu/h-i686-mingw32/bin/../lib/gcc/nios2-elf/4.7.3/../../../../../H-i686-mingw32/nios2-elf/lib\libc.a(lib_a-callocr.o)
 .bss           0x000028c0        0x0 c:/altera/13.1/nios2eds/bin/gnu/h-i686-mingw32/bin/../lib/gcc/nios2-elf/4.7.3/../../../../../H-i686-mingw32/nios2-elf/lib\libc.a(lib_a-closer.o)
 .bss           0x000028c0        0x0 c:/altera/13.1/nios2eds/bin/gnu/h-i686-mingw32/bin/../lib/gcc/nios2-elf/4.7.3/../../../../../H-i686-mingw32/nios2-elf/lib\libc.a(lib_a-fclose.o)
 .bss           0x000028c0        0x0 c:/altera/13.1/nios2eds/bin/gnu/h-i686-mingw32/bin/../lib/gcc/nios2-elf/4.7.3/../../../../../H-i686-mingw32/nios2-elf/lib\libc.a(lib_a-fstatr.o)
 .bss           0x000028c0        0x0 c:/altera/13.1/nios2eds/bin/gnu/h-i686-mingw32/bin/../lib/gcc/nios2-elf/4.7.3/../../../../../H-i686-mingw32/nios2-elf/lib\libc.a(lib_a-int_errno.o)
 .bss           0x000028c0        0x0 c:/altera/13.1/nios2eds/bin/gnu/h-i686-mingw32/bin/../lib/gcc/nios2-elf/4.7.3/../../../../../H-i686-mingw32/nios2-elf/lib\libc.a(lib_a-isattyr.o)
 .bss           0x000028c0        0x0 c:/altera/13.1/nios2eds/bin/gnu/h-i686-mingw32/bin/../lib/gcc/nios2-elf/4.7.3/../../../../../H-i686-mingw32/nios2-elf/lib\libc.a(lib_a-lseekr.o)
 .bss           0x000028c0        0x0 c:/altera/13.1/nios2eds/bin/gnu/h-i686-mingw32/bin/../lib/gcc/nios2-elf/4.7.3/../../../../../H-i686-mingw32/nios2-elf/lib\libc.a(lib_a-readr.o)
 .bss           0x000028c0        0x0 c:/altera/13.1/nios2eds/bin/gnu/h-i686-mingw32/bin/../lib/gcc/nios2-elf/4.7.3\libgcc.a(_udivdi3.o)
 .bss           0x000028c0        0x0 c:/altera/13.1/nios2eds/bin/gnu/h-i686-mingw32/bin/../lib/gcc/nios2-elf/4.7.3\libgcc.a(_umoddi3.o)
 .bss           0x000028c0        0x0 c:/altera/13.1/nios2eds/bin/gnu/h-i686-mingw32/bin/../lib/gcc/nios2-elf/4.7.3\libgcc.a(_mul_df.o)
 .bss           0x000028c0        0x0 c:/altera/13.1/nios2eds/bin/gnu/h-i686-mingw32/bin/../lib/gcc/nios2-elf/4.7.3\libgcc.a(_eq_df.o)
 .bss           0x000028c0        0x0 c:/altera/13.1/nios2eds/bin/gnu/h-i686-mingw32/bin/../lib/gcc/nios2-elf/4.7.3\libgcc.a(_ne_df.o)
 .bss           0x000028c0        0x0 c:/altera/13.1/nios2eds/bin/gnu/h-i686-mingw32/bin/../lib/gcc/nios2-elf/4.7.3\libgcc.a(_gt_df.o)
 .bss           0x000028c0        0x0 c:/altera/13.1/nios2eds/bin/gnu/h-i686-mingw32/bin/../lib/gcc/nios2-elf/4.7.3\libgcc.a(_ge_df.o)
 .bss           0x000028c0        0x0 c:/altera/13.1/nios2eds/bin/gnu/h-i686-mingw32/bin/../lib/gcc/nios2-elf/4.7.3\libgcc.a(_lt_df.o)
 .bss           0x000028c0        0x0 c:/altera/13.1/nios2eds/bin/gnu/h-i686-mingw32/bin/../lib/gcc/nios2-elf/4.7.3\libgcc.a(_si_to_df.o)
 .bss           0x000028c0        0x0 c:/altera/13.1/nios2eds/bin/gnu/h-i686-mingw32/bin/../lib/gcc/nios2-elf/4.7.3\libgcc.a(_df_to_si.o)
 .bss           0x000028c0        0x0 c:/altera/13.1/nios2eds/bin/gnu/h-i686-mingw32/bin/../lib/gcc/nios2-elf/4.7.3\libgcc.a(_usi_to_df.o)
 .bss           0x000028c0        0x0 c:/altera/13.1/nios2eds/bin/gnu/h-i686-mingw32/bin/../lib/gcc/nios2-elf/4.7.3\libgcc.a(_muldi3.o)
 .bss           0x000028c0        0x0 c:/altera/13.1/nios2eds/bin/gnu/h-i686-mingw32/bin/../lib/gcc/nios2-elf/4.7.3\libgcc.a(_fpcmp_parts_df.o)
 .bss           0x000028c0        0x0 ../my_software_4_bsp/\libhal_bsp.a(alt_close.o)
 .bss           0x000028c0        0x0 ../my_software_4_bsp/\libhal_bsp.a(alt_dev.o)
 .bss           0x000028c0        0x0 ../my_software_4_bsp/\libhal_bsp.a(alt_errno.o)
 .bss           0x000028c0        0x0 ../my_software_4_bsp/\libhal_bsp.a(alt_fstat.o)
 .bss           0x000028c0        0x0 ../my_software_4_bsp/\libhal_bsp.a(alt_iic.o)
 .bss           0x000028c0        0x0 ../my_software_4_bsp/\libhal_bsp.a(alt_iic_isr_register.o)
 .bss           0x000028c0        0x0 ../my_software_4_bsp/\libhal_bsp.a(alt_irq_entry.o)
 .bss           0x000028c0        0x0 ../my_software_4_bsp/\libhal_bsp.a(alt_irq_handler.o)
 .bss           0x000028c0        0x0 ../my_software_4_bsp/\libhal_bsp.a(alt_irq_register.o)
 .bss           0x000028c0        0x0 ../my_software_4_bsp/\libhal_bsp.a(alt_irq_vars.o)
 .bss           0x000028c0        0x0 ../my_software_4_bsp/\libhal_bsp.a(alt_isatty.o)
 .bss           0x000028c0        0x0 ../my_software_4_bsp/\libhal_bsp.a(alt_load.o)
 .bss           0x000028c0        0x0 ../my_software_4_bsp/\libhal_bsp.a(alt_lseek.o)
 .bss           0x000028c0        0x0 ../my_software_4_bsp/\libhal_bsp.a(alt_main.o)
 .bss           0x000028c0        0x0 ../my_software_4_bsp/\libhal_bsp.a(alt_malloc_lock.o)
 .bss           0x000028c0        0x0 ../my_software_4_bsp/\libhal_bsp.a(alt_read.o)
 .bss           0x000028c0        0x0 ../my_software_4_bsp/\libhal_bsp.a(alt_release_fd.o)
 .bss           0x000028c0        0x0 ../my_software_4_bsp/\libhal_bsp.a(alt_sbrk.o)
 .bss           0x000028c0        0x0 ../my_software_4_bsp/\libhal_bsp.a(alt_usleep.o)
 .bss           0x000028c0        0x0 ../my_software_4_bsp/\libhal_bsp.a(alt_write.o)
 .bss           0x000028c0        0x0 ../my_software_4_bsp/\libhal_bsp.a(alt_sys_init.o)
 .bss           0x000028c0        0x0 ../my_software_4_bsp/\libhal_bsp.a(altera_avalon_jtag_uart_fd.o)
 .bss           0x000028c0        0x0 ../my_software_4_bsp/\libhal_bsp.a(altera_avalon_jtag_uart_init.o)
 .bss           0x000028c0        0x0 ../my_software_4_bsp/\libhal_bsp.a(altera_avalon_jtag_uart_ioctl.o)
 .bss           0x000028c0        0x0 ../my_software_4_bsp/\libhal_bsp.a(altera_avalon_jtag_uart_read.o)
 .bss           0x000028c0        0x0 ../my_software_4_bsp/\libhal_bsp.a(altera_avalon_jtag_uart_write.o)
 .bss           0x000028c0        0x0 ../my_software_4_bsp/\libhal_bsp.a(altera_avalon_spi.o)
 .bss           0x000028c0        0x0 ../my_software_4_bsp/\libhal_bsp.a(altera_avalon_timer_sc.o)
 .bss           0x000028c0        0x0 ../my_software_4_bsp/\libhal_bsp.a(alt_alarm_start.o)
 .bss           0x000028c0        0x0 ../my_software_4_bsp/\libhal_bsp.a(alt_busy_sleep.o)
 .bss           0x000028c0        0x0 ../my_software_4_bsp/\libhal_bsp.a(alt_dcache_flush_all.o)
 .bss           0x000028c0        0x0 ../my_software_4_bsp/\libhal_bsp.a(alt_dev_llist_insert.o)
 .bss           0x000028c0        0x0 ../my_software_4_bsp/\libhal_bsp.a(alt_do_ctors.o)
 .bss           0x000028c0        0x0 ../my_software_4_bsp/\libhal_bsp.a(alt_do_dtors.o)
 .bss           0x000028c0        0x0 ../my_software_4_bsp/\libhal_bsp.a(alt_exception_entry.o)
 .bss           0x000028c0        0x0 ../my_software_4_bsp/\libhal_bsp.a(alt_icache_flush_all.o)
 .bss           0x000028c0        0x0 ../my_software_4_bsp/\libhal_bsp.a(alt_io_redirect.o)
 .bss           0x000028c0        0x0 ../my_software_4_bsp/\libhal_bsp.a(alt_open.o)
 .bss           0x000028c0        0x0 ../my_software_4_bsp/\libhal_bsp.a(alt_tick.o)
 .bss           0x000028c0        0x0 ../my_software_4_bsp/\libhal_bsp.a(altera_nios2_qsys_irq.o)
 .bss           0x000028c0        0x0 ../my_software_4_bsp/\libhal_bsp.a(alt_find_dev.o)
 .bss           0x000028c0        0x0 ../my_software_4_bsp/\libhal_bsp.a(alt_find_file.o)
 .bss           0x000028c0        0x0 ../my_software_4_bsp/\libhal_bsp.a(alt_get_fd.o)
 .bss           0x000028c0        0x0 ../my_software_4_bsp/\libhal_bsp.a(alt_icache_flush.o)
 .bss           0x000028c0        0x0 c:/altera/13.1/nios2eds/bin/gnu/h-i686-mingw32/bin/../lib/gcc/nios2-elf/4.7.3/../../../../../H-i686-mingw32/nios2-elf/lib\libc.a(lib_a-atexit.o)
 .bss           0x000028c0        0x0 c:/altera/13.1/nios2eds/bin/gnu/h-i686-mingw32/bin/../lib/gcc/nios2-elf/4.7.3/../../../../../H-i686-mingw32/nios2-elf/lib\libc.a(lib_a-exit.o)
 .bss           0x000028c0        0x0 c:/altera/13.1/nios2eds/bin/gnu/h-i686-mingw32/bin/../lib/gcc/nios2-elf/4.7.3/../../../../../H-i686-mingw32/nios2-elf/lib\libc.a(lib_a-memcmp.o)
 .bss           0x000028c0        0x0 c:/altera/13.1/nios2eds/bin/gnu/h-i686-mingw32/bin/../lib/gcc/nios2-elf/4.7.3/../../../../../H-i686-mingw32/nios2-elf/lib\libc.a(lib_a-__atexit.o)
 .bss           0x000028c0        0x0 c:/altera/13.1/nios2eds/bin/gnu/h-i686-mingw32/bin/../lib/gcc/nios2-elf/4.7.3/../../../../../H-i686-mingw32/nios2-elf/lib\libc.a(lib_a-__call_atexit.o)
 .bss           0x000028c0        0x0 ../my_software_4_bsp/\libhal_bsp.a(alt_exit.o)
 *(COMMON)
 COMMON         0x000028c0      0x100 ../my_software_4_bsp/\libhal_bsp.a(alt_irq_handler.o)
                0x000028c0                alt_irq
 COMMON         0x000029c0      0x190 c:/altera/13.1/nios2eds/bin/gnu/h-i686-mingw32/bin/../lib/gcc/nios2-elf/4.7.3/../../../../../H-i686-mingw32/nios2-elf/lib\libc.a(lib_a-atexit.o)
                0x000029c0                _atexit0
                0x00002b50                . = ALIGN (0x4)
                0x00002b50                __bss_end = ABSOLUTE (.)

.DDR3           0x00002b50        0x0 load address 0x11051788
                0x00002b50                PROVIDE (_alt_partition_DDR3_start, ABSOLUTE (.))
 *(.DDR3 .DDR3. DDR3.*)
                0x00002b50                . = ALIGN (0x4)
                0x00002b50                PROVIDE (_alt_partition_DDR3_end, ABSOLUTE (.))
                0x00002b50                _end = ABSOLUTE (.)
                0x00002b50                end = ABSOLUTE (.)
                0x00002b50                __alt_stack_base = ABSOLUTE (.)
                0x11051788                PROVIDE (_alt_partition_DDR3_load_addr, LOADADDR (.DDR3))

.onchip_memory2_1
                0x11051788        0x0
                0x11051788                PROVIDE (_alt_partition_onchip_memory2_1_start, ABSOLUTE (.))
 *(.onchip_memory2_1 .onchip_memory2_1. onchip_memory2_1.*)
                0x11051788                . = ALIGN (0x4)
                0x11051788                PROVIDE (_alt_partition_onchip_memory2_1_end, ABSOLUTE (.))
                0x11051788                PROVIDE (_alt_partition_onchip_memory2_1_load_addr, LOADADDR (.onchip_memory2_1))

.stab
 *(.stab)

.stabstr
 *(.stabstr)

.stab.excl
 *(.stab.excl)

.stab.exclstr
 *(.stab.exclstr)

.stab.index
 *(.stab.index)

.stab.indexstr
 *(.stab.indexstr)

.comment        0x00000000       0x23
 *(.comment)
 .comment       0x00000000       0x23 obj/default/AUDIO.o
                                 0x24 (size before relaxing)
 .comment       0x00000000       0x24 obj/default/I2C.o
 .comment       0x00000000       0x24 obj/default/LED.o
 .comment       0x00000000       0x24 obj/default/debug.o
 .comment       0x00000000       0x24 obj/default/main.o
 .comment       0x00000000       0x24 c:/altera/13.1/nios2eds/bin/gnu/h-i686-mingw32/bin/../lib/gcc/nios2-elf/4.7.3\libgcc.a(_div_sf.o)
 .comment       0x00000000       0x24 c:/altera/13.1/nios2eds/bin/gnu/h-i686-mingw32/bin/../lib/gcc/nios2-elf/4.7.3\libgcc.a(_gt_sf.o)
 .comment       0x00000000       0x24 c:/altera/13.1/nios2eds/bin/gnu/h-i686-mingw32/bin/../lib/gcc/nios2-elf/4.7.3\libgcc.a(_sf_to_df.o)
 .comment       0x00000000       0x24 c:/altera/13.1/nios2eds/bin/gnu/h-i686-mingw32/bin/../lib/gcc/nios2-elf/4.7.3\libgcc.a(_thenan_sf.o)
 .comment       0x00000000       0x24 c:/altera/13.1/nios2eds/bin/gnu/h-i686-mingw32/bin/../lib/gcc/nios2-elf/4.7.3\libgcc.a(_usi_to_sf.o)
 .comment       0x00000000       0x24 c:/altera/13.1/nios2eds/bin/gnu/h-i686-mingw32/bin/../lib/gcc/nios2-elf/4.7.3\libgcc.a(_addsub_df.o)
 .comment       0x00000000       0x24 c:/altera/13.1/nios2eds/bin/gnu/h-i686-mingw32/bin/../lib/gcc/nios2-elf/4.7.3\libgcc.a(_div_df.o)
 .comment       0x00000000       0x24 c:/altera/13.1/nios2eds/bin/gnu/h-i686-mingw32/bin/../lib/gcc/nios2-elf/4.7.3\libgcc.a(_make_df.o)
 .comment       0x00000000       0x24 c:/altera/13.1/nios2eds/bin/gnu/h-i686-mingw32/bin/../lib/gcc/nios2-elf/4.7.3\libgcc.a(_df_to_sf.o)
 .comment       0x00000000       0x24 c:/altera/13.1/nios2eds/bin/gnu/h-i686-mingw32/bin/../lib/gcc/nios2-elf/4.7.3\libgcc.a(_thenan_df.o)
 .comment       0x00000000       0x24 c:/altera/13.1/nios2eds/bin/gnu/h-i686-mingw32/bin/../lib/gcc/nios2-elf/4.7.3\libgcc.a(lib2-divmod.o)
 .comment       0x00000000       0x24 c:/altera/13.1/nios2eds/bin/gnu/h-i686-mingw32/bin/../lib/gcc/nios2-elf/4.7.3\libgcc.a(_clzsi2.o)
 .comment       0x00000000       0x24 c:/altera/13.1/nios2eds/bin/gnu/h-i686-mingw32/bin/../lib/gcc/nios2-elf/4.7.3\libgcc.a(_pack_sf.o)
 .comment       0x00000000       0x24 c:/altera/13.1/nios2eds/bin/gnu/h-i686-mingw32/bin/../lib/gcc/nios2-elf/4.7.3\libgcc.a(_unpack_sf.o)
 .comment       0x00000000       0x24 c:/altera/13.1/nios2eds/bin/gnu/h-i686-mingw32/bin/../lib/gcc/nios2-elf/4.7.3\libgcc.a(_fpcmp_parts_sf.o)
 .comment       0x00000000       0x24 c:/altera/13.1/nios2eds/bin/gnu/h-i686-mingw32/bin/../lib/gcc/nios2-elf/4.7.3\libgcc.a(_make_sf.o)
 .comment       0x00000000       0x24 c:/altera/13.1/nios2eds/bin/gnu/h-i686-mingw32/bin/../lib/gcc/nios2-elf/4.7.3\libgcc.a(_pack_df.o)
 .comment       0x00000000       0x24 c:/altera/13.1/nios2eds/bin/gnu/h-i686-mingw32/bin/../lib/gcc/nios2-elf/4.7.3\libgcc.a(_unpack_df.o)
 .comment       0x00000000       0x24 c:/altera/13.1/nios2eds/bin/gnu/h-i686-mingw32/bin/../lib/gcc/nios2-elf/4.7.3\libgcc.a(_lshrdi3.o)
 .comment       0x00000000       0x24 c:/altera/13.1/nios2eds/bin/gnu/h-i686-mingw32/bin/../lib/gcc/nios2-elf/4.7.3\libgcc.a(_ashldi3.o)
 .comment       0x00000000       0x24 c:/altera/13.1/nios2eds/bin/gnu/h-i686-mingw32/bin/../lib/gcc/nios2-elf/4.7.3\libgcc.a(_clz.o)
 .comment       0x00000000       0x24 c:/altera/13.1/nios2eds/bin/gnu/h-i686-mingw32/bin/../lib/gcc/nios2-elf/4.7.3/../../../../../H-i686-mingw32/nios2-elf/lib\libc.a(lib_a-printf.o)
 .comment       0x00000000       0x24 c:/altera/13.1/nios2eds/bin/gnu/h-i686-mingw32/bin/../lib/gcc/nios2-elf/4.7.3/../../../../../H-i686-mingw32/nios2-elf/lib\libc.a(lib_a-puts.o)
 .comment       0x00000000       0x24 c:/altera/13.1/nios2eds/bin/gnu/h-i686-mingw32/bin/../lib/gcc/nios2-elf/4.7.3/../../../../../H-i686-mingw32/nios2-elf/lib\libc.a(lib_a-sprintf.o)
 .comment       0x00000000       0x24 c:/altera/13.1/nios2eds/bin/gnu/h-i686-mingw32/bin/../lib/gcc/nios2-elf/4.7.3/../../../../../H-i686-mingw32/nios2-elf/lib\libc.a(lib_a-strlen.o)
 .comment       0x00000000       0x24 c:/altera/13.1/nios2eds/bin/gnu/h-i686-mingw32/bin/../lib/gcc/nios2-elf/4.7.3/../../../../../H-i686-mingw32/nios2-elf/lib\libc.a(lib_a-vfprintf.o)
 .comment       0x00000000       0x24 c:/altera/13.1/nios2eds/bin/gnu/h-i686-mingw32/bin/../lib/gcc/nios2-elf/4.7.3/../../../../../H-i686-mingw32/nios2-elf/lib\libc.a(lib_a-vsnprintf.o)
 .comment       0x00000000       0x24 c:/altera/13.1/nios2eds/bin/gnu/h-i686-mingw32/bin/../lib/gcc/nios2-elf/4.7.3/../../../../../H-i686-mingw32/nios2-elf/lib\libc.a(lib_a-wsetup.o)
 .comment       0x00000000       0x24 c:/altera/13.1/nios2eds/bin/gnu/h-i686-mingw32/bin/../lib/gcc/nios2-elf/4.7.3/../../../../../H-i686-mingw32/nios2-elf/lib\libc.a(lib_a-dtoa.o)
 .comment       0x00000000       0x24 c:/altera/13.1/nios2eds/bin/gnu/h-i686-mingw32/bin/../lib/gcc/nios2-elf/4.7.3/../../../../../H-i686-mingw32/nios2-elf/lib\libc.a(lib_a-fflush.o)
 .comment       0x00000000       0x24 c:/altera/13.1/nios2eds/bin/gnu/h-i686-mingw32/bin/../lib/gcc/nios2-elf/4.7.3/../../../../../H-i686-mingw32/nios2-elf/lib\libc.a(lib_a-findfp.o)
 .comment       0x00000000       0x24 c:/altera/13.1/nios2eds/bin/gnu/h-i686-mingw32/bin/../lib/gcc/nios2-elf/4.7.3/../../../../../H-i686-mingw32/nios2-elf/lib\libc.a(lib_a-freer.o)
 .comment       0x00000000       0x24 c:/altera/13.1/nios2eds/bin/gnu/h-i686-mingw32/bin/../lib/gcc/nios2-elf/4.7.3/../../../../../H-i686-mingw32/nios2-elf/lib\libc.a(lib_a-fvwrite.o)
 .comment       0x00000000       0x24 c:/altera/13.1/nios2eds/bin/gnu/h-i686-mingw32/bin/../lib/gcc/nios2-elf/4.7.3/../../../../../H-i686-mingw32/nios2-elf/lib\libc.a(lib_a-fwalk.o)
 .comment       0x00000000       0x24 c:/altera/13.1/nios2eds/bin/gnu/h-i686-mingw32/bin/../lib/gcc/nios2-elf/4.7.3/../../../../../H-i686-mingw32/nios2-elf/lib\libc.a(lib_a-impure.o)
 .comment       0x00000000       0x24 c:/altera/13.1/nios2eds/bin/gnu/h-i686-mingw32/bin/../lib/gcc/nios2-elf/4.7.3/../../../../../H-i686-mingw32/nios2-elf/lib\libc.a(lib_a-locale.o)
 .comment       0x00000000       0x24 c:/altera/13.1/nios2eds/bin/gnu/h-i686-mingw32/bin/../lib/gcc/nios2-elf/4.7.3/../../../../../H-i686-mingw32/nios2-elf/lib\libc.a(lib_a-makebuf.o)
 .comment       0x00000000       0x24 c:/altera/13.1/nios2eds/bin/gnu/h-i686-mingw32/bin/../lib/gcc/nios2-elf/4.7.3/../../../../../H-i686-mingw32/nios2-elf/lib\libc.a(lib_a-mallocr.o)
 .comment       0x00000000       0x24 c:/altera/13.1/nios2eds/bin/gnu/h-i686-mingw32/bin/../lib/gcc/nios2-elf/4.7.3/../../../../../H-i686-mingw32/nios2-elf/lib\libc.a(lib_a-memchr.o)
 .comment       0x00000000       0x24 c:/altera/13.1/nios2eds/bin/gnu/h-i686-mingw32/bin/../lib/gcc/nios2-elf/4.7.3/../../../../../H-i686-mingw32/nios2-elf/lib\libc.a(lib_a-memcpy.o)
 .comment       0x00000000       0x24 c:/altera/13.1/nios2eds/bin/gnu/h-i686-mingw32/bin/../lib/gcc/nios2-elf/4.7.3/../../../../../H-i686-mingw32/nios2-elf/lib\libc.a(lib_a-memmove.o)
 .comment       0x00000000       0x24 c:/altera/13.1/nios2eds/bin/gnu/h-i686-mingw32/bin/../lib/gcc/nios2-elf/4.7.3/../../../../../H-i686-mingw32/nios2-elf/lib\libc.a(lib_a-memset.o)
 .comment       0x00000000       0x24 c:/altera/13.1/nios2eds/bin/gnu/h-i686-mingw32/bin/../lib/gcc/nios2-elf/4.7.3/../../../../../H-i686-mingw32/nios2-elf/lib\libc.a(lib_a-mprec.o)
 .comment       0x00000000       0x24 c:/altera/13.1/nios2eds/bin/gnu/h-i686-mingw32/bin/../lib/gcc/nios2-elf/4.7.3/../../../../../H-i686-mingw32/nios2-elf/lib\libc.a(lib_a-reallocr.o)
 .comment       0x00000000       0x24 c:/altera/13.1/nios2eds/bin/gnu/h-i686-mingw32/bin/../lib/gcc/nios2-elf/4.7.3/../../../../../H-i686-mingw32/nios2-elf/lib\libc.a(lib_a-s_isinfd.o)
 .comment       0x00000000       0x24 c:/altera/13.1/nios2eds/bin/gnu/h-i686-mingw32/bin/../lib/gcc/nios2-elf/4.7.3/../../../../../H-i686-mingw32/nios2-elf/lib\libc.a(lib_a-s_isnand.o)
 .comment       0x00000000       0x24 c:/altera/13.1/nios2eds/bin/gnu/h-i686-mingw32/bin/../lib/gcc/nios2-elf/4.7.3/../../../../../H-i686-mingw32/nios2-elf/lib\libc.a(lib_a-sbrkr.o)
 .comment       0x00000000       0x24 c:/altera/13.1/nios2eds/bin/gnu/h-i686-mingw32/bin/../lib/gcc/nios2-elf/4.7.3/../../../../../H-i686-mingw32/nios2-elf/lib\libc.a(lib_a-stdio.o)
 .comment       0x00000000       0x24 c:/altera/13.1/nios2eds/bin/gnu/h-i686-mingw32/bin/../lib/gcc/nios2-elf/4.7.3/../../../../../H-i686-mingw32/nios2-elf/lib\libc.a(lib_a-strcmp.o)
 .comment       0x00000000       0x24 c:/altera/13.1/nios2eds/bin/gnu/h-i686-mingw32/bin/../lib/gcc/nios2-elf/4.7.3/../../../../../H-i686-mingw32/nios2-elf/lib\libc.a(lib_a-writer.o)
 .comment       0x00000000       0x24 c:/altera/13.1/nios2eds/bin/gnu/h-i686-mingw32/bin/../lib/gcc/nios2-elf/4.7.3/../../../../../H-i686-mingw32/nios2-elf/lib\libc.a(lib_a-callocr.o)
 .comment       0x00000000       0x24 c:/altera/13.1/nios2eds/bin/gnu/h-i686-mingw32/bin/../lib/gcc/nios2-elf/4.7.3/../../../../../H-i686-mingw32/nios2-elf/lib\libc.a(lib_a-closer.o)
 .comment       0x00000000       0x24 c:/altera/13.1/nios2eds/bin/gnu/h-i686-mingw32/bin/../lib/gcc/nios2-elf/4.7.3/../../../../../H-i686-mingw32/nios2-elf/lib\libc.a(lib_a-fclose.o)
 .comment       0x00000000       0x24 c:/altera/13.1/nios2eds/bin/gnu/h-i686-mingw32/bin/../lib/gcc/nios2-elf/4.7.3/../../../../../H-i686-mingw32/nios2-elf/lib\libc.a(lib_a-fstatr.o)
 .comment       0x00000000       0x24 c:/altera/13.1/nios2eds/bin/gnu/h-i686-mingw32/bin/../lib/gcc/nios2-elf/4.7.3/../../../../../H-i686-mingw32/nios2-elf/lib\libc.a(lib_a-int_errno.o)
 .comment       0x00000000       0x24 c:/altera/13.1/nios2eds/bin/gnu/h-i686-mingw32/bin/../lib/gcc/nios2-elf/4.7.3/../../../../../H-i686-mingw32/nios2-elf/lib\libc.a(lib_a-isattyr.o)
 .comment       0x00000000       0x24 c:/altera/13.1/nios2eds/bin/gnu/h-i686-mingw32/bin/../lib/gcc/nios2-elf/4.7.3/../../../../../H-i686-mingw32/nios2-elf/lib\libc.a(lib_a-lseekr.o)
 .comment       0x00000000       0x24 c:/altera/13.1/nios2eds/bin/gnu/h-i686-mingw32/bin/../lib/gcc/nios2-elf/4.7.3/../../../../../H-i686-mingw32/nios2-elf/lib\libc.a(lib_a-readr.o)
 .comment       0x00000000       0x24 c:/altera/13.1/nios2eds/bin/gnu/h-i686-mingw32/bin/../lib/gcc/nios2-elf/4.7.3\libgcc.a(_udivdi3.o)
 .comment       0x00000000       0x24 c:/altera/13.1/nios2eds/bin/gnu/h-i686-mingw32/bin/../lib/gcc/nios2-elf/4.7.3\libgcc.a(_umoddi3.o)
 .comment       0x00000000       0x24 c:/altera/13.1/nios2eds/bin/gnu/h-i686-mingw32/bin/../lib/gcc/nios2-elf/4.7.3\libgcc.a(_mul_df.o)
 .comment       0x00000000       0x24 c:/altera/13.1/nios2eds/bin/gnu/h-i686-mingw32/bin/../lib/gcc/nios2-elf/4.7.3\libgcc.a(_eq_df.o)
 .comment       0x00000000       0x24 c:/altera/13.1/nios2eds/bin/gnu/h-i686-mingw32/bin/../lib/gcc/nios2-elf/4.7.3\libgcc.a(_ne_df.o)
 .comment       0x00000000       0x24 c:/altera/13.1/nios2eds/bin/gnu/h-i686-mingw32/bin/../lib/gcc/nios2-elf/4.7.3\libgcc.a(_gt_df.o)
 .comment       0x00000000       0x24 c:/altera/13.1/nios2eds/bin/gnu/h-i686-mingw32/bin/../lib/gcc/nios2-elf/4.7.3\libgcc.a(_ge_df.o)
 .comment       0x00000000       0x24 c:/altera/13.1/nios2eds/bin/gnu/h-i686-mingw32/bin/../lib/gcc/nios2-elf/4.7.3\libgcc.a(_lt_df.o)
 .comment       0x00000000       0x24 c:/altera/13.1/nios2eds/bin/gnu/h-i686-mingw32/bin/../lib/gcc/nios2-elf/4.7.3\libgcc.a(_si_to_df.o)
 .comment       0x00000000       0x24 c:/altera/13.1/nios2eds/bin/gnu/h-i686-mingw32/bin/../lib/gcc/nios2-elf/4.7.3\libgcc.a(_df_to_si.o)
 .comment       0x00000000       0x24 c:/altera/13.1/nios2eds/bin/gnu/h-i686-mingw32/bin/../lib/gcc/nios2-elf/4.7.3\libgcc.a(_usi_to_df.o)
 .comment       0x00000000       0x24 c:/altera/13.1/nios2eds/bin/gnu/h-i686-mingw32/bin/../lib/gcc/nios2-elf/4.7.3\libgcc.a(_muldi3.o)
 .comment       0x00000000       0x24 c:/altera/13.1/nios2eds/bin/gnu/h-i686-mingw32/bin/../lib/gcc/nios2-elf/4.7.3\libgcc.a(_fpcmp_parts_df.o)
 .comment       0x00000000       0x24 ../my_software_4_bsp/\libhal_bsp.a(alt_close.o)
 .comment       0x00000000       0x24 ../my_software_4_bsp/\libhal_bsp.a(alt_dev.o)
 .comment       0x00000000       0x24 ../my_software_4_bsp/\libhal_bsp.a(alt_errno.o)
 .comment       0x00000000       0x24 ../my_software_4_bsp/\libhal_bsp.a(alt_fstat.o)
 .comment       0x00000000       0x24 ../my_software_4_bsp/\libhal_bsp.a(alt_iic.o)
 .comment       0x00000000       0x24 ../my_software_4_bsp/\libhal_bsp.a(alt_iic_isr_register.o)
 .comment       0x00000000       0x24 ../my_software_4_bsp/\libhal_bsp.a(alt_irq_handler.o)
 .comment       0x00000000       0x24 ../my_software_4_bsp/\libhal_bsp.a(alt_irq_register.o)
 .comment       0x00000000       0x24 ../my_software_4_bsp/\libhal_bsp.a(alt_irq_vars.o)
 .comment       0x00000000       0x24 ../my_software_4_bsp/\libhal_bsp.a(alt_isatty.o)
 .comment       0x00000000       0x24 ../my_software_4_bsp/\libhal_bsp.a(alt_load.o)
 .comment       0x00000000       0x24 ../my_software_4_bsp/\libhal_bsp.a(alt_lseek.o)
 .comment       0x00000000       0x24 ../my_software_4_bsp/\libhal_bsp.a(alt_main.o)
 .comment       0x00000000       0x24 ../my_software_4_bsp/\libhal_bsp.a(alt_malloc_lock.o)
 .comment       0x00000000       0x24 ../my_software_4_bsp/\libhal_bsp.a(alt_read.o)
 .comment       0x00000000       0x24 ../my_software_4_bsp/\libhal_bsp.a(alt_release_fd.o)
 .comment       0x00000000       0x24 ../my_software_4_bsp/\libhal_bsp.a(alt_sbrk.o)
 .comment       0x00000000       0x24 ../my_software_4_bsp/\libhal_bsp.a(alt_usleep.o)
 .comment       0x00000000       0x24 ../my_software_4_bsp/\libhal_bsp.a(alt_write.o)